---
source: examples/tests/snapshots.rs
expression: view
---
·33·OneBit·Quest··A·three-column·idle-RPG·shell·that·reshapes·into·a·phone·tab··
╔·Skills·═════════·4·pts·╗╔·World·═══════════════╗╔·Inventory·══════════════·6·╗
║♠·Strike····3······+····║║······················║║·5x·!·Potion···········x····║
║cost·5··················║║······················║║···Restores·HP·on···········║
║♣·Vigor·····2······+····║║······················║║·2x·?·Ether············x····║
║cost·4··················║║······················║║···Restores·MP·on···········║
║♥·Vitality··1······+····║║······················║║·1x·/·Iron·Sword·······x····║
║cost·3··················║║······················║║···+3·attack·while··········║
║♦·Fortune···0······+····║║······················║║·1x·[·Leather·Vest·····x····║
║cost·2··················║║······················║║···+2·defense·whil··········║
║☼·Focus·····1······+····║║······················║║·3x·*·Ruby·············x····║
║cost·3··················║║······················║║···Sells·for·a·fai··········║
║○·Haste·····0······+····║║······················║║·1x·=·Ring·············x····║
║cost·2··················║║···········O··········║║···+1·to·every·ski··········║
║§·Wisdom····0······+····║║··········/|\·········║║····························║
║cost·2··················║║··········/·\·········║║····························║
║························║║──────────────────────║║····························║
║························║║······················║║····························║
╚════════════════════════╝╚══════════════════════╝╚════════════════════════════╝
·▒▒▒▒▒▒▒··Lv·12·························································▒▒▒▒▒▒▒·
█████████······························································█████████
·███████··█████████████·················································███████·
·HP··82%································································MP··81%·
·lvl·12··340g··panel:·World··Tab·cycle·panel··Up/Down·move·selection···10.0·fps·
