---
source: examples/tests/snapshots.rs
assertion_line: 101
expression: view
---
·13·Parchment··Hatched·ink·on·aged·paper·instead·of·color:·the·map·as·a·documen·
╔══════════════════════════════════════════════════════════════════════════════╗
║······················──────────────────────────────────······················║
║······················│·A·MAPPE·OF·THE·REALM·--·seed·3·│······················║
║······················──────────────────────────────────·············~~~~~····║
║····························~~·····~~~·······~~····~~~~~~~~~~~·~~~~~~·····~~~~║
║~~~~~~~~~~~················~··~~~~~···~~~~~~~··~~~~···········~······~~~~~····║
║···········~~~~···········~·~~───Fenjorgard··~~────~~~~~~~~~~~·~~~~~~─────~~~~║
║~~~~~~~~~~~····~·········~·~──.·♣·.───~~~~~~~──♣···───────────~──────♣·♣··───V║
║─Dunfencorhaven·~~~~····~·~─.····♣♣··.───────·♣·♣·····♣······-─·♣♣♣······♣·.··║
║.·♣·♣·♣·♣·.────~····~~~~·~─.·♣··♣♣·♣··....···-··-♣··♣♣♣♣♣·♣·♣♣··♣··♣·♣··♣··.··║
║.···♣♣♣♣··♣♣♣·.─~~~~····~─.-··♣··♣♣♣♣····..·--·--♣·♣♣·♣·♣·♣♣·-··♣··♣····♣♣♣.♣♣║
║.♣·'♣♣♣♣·♣♣··♣·.────~~~~─.·--··♣♣··♣♣··♣··...-·-···········-···♣♣♣♣···♣····.·♣║
║.···'♣♣♣·······♣♣·-.────.··-·♣··♣·♣····♣♣··♣.....·♣···♣·♣♣·····♣♣······.....··║
║.··♣··♣♣♣······♣········--·♣·♣·♣···♣♣······♣····.♣♣·♣♣♣····♣♣♣·♣♣♣♣♣··..·''···║
║.♣·♣···♣♣♣♣♣····♣·♣··-··♣♣♣··♣♣··♣···♣♣♣······♣·.······♣♣♣···········..·······║
║.·····♣··♣♣··♣··♣♣♣·♣·♣······♣···········♣♣·♣··♣.♣·♣♣···♣·····─····♣..······'·║
║─.·♣♣·····♣··♣♣♣♣····♣·♣♣♣···♣··♣·♣♣♣··♣♣♣····♣·.·♣♣··♣♣·····─~─~♣♣♣.·'······'║
║~──.····♣·♣♣♣♣··♣·····♣······♣···♣·♣·♣···♣·····♣.·♣··♣·····♣·♣─♣~~·..'········║
║·~~─.♣·♣♣♣·····♣♣·♣··♣♣···♣···♣♣··♣···♣·♣··♣♣♣··.─·····♣···─♣··♣♣~♣.··········║
║~··~─··········♣♣··♣·····♣·♣······♣·♣♣···♣♣·♣·♣·─~─·♣·♣···─~─♣♣··~..·····'····║
║·~~~─·♣··♣·♣·♣·····♣♣♣······♣···♣··♣·♣·······♣♣·.─~Torlorwynhaven·★···''······║
╚══════════════════════════════════════════════════════════════════════════════╝
·(83,·31)··forest··parchment··seed·3··WASD/arrows·pan··drag·pan········10.0·fps·
