---
source: examples/tests/snapshots.rs
expression: view
---
·66·Saint's·Road··A·pull-down·menu·bar·with·keyboard·mnemonics,·disabled·items,·
··Game··Orders··Attack··Party···················································
►Reinhardt·······╔·Saint's·Road·═══════════════════════════════════════════════╗
···▄·············║··,···,···,·······,···,···,···,···,···,·······,···,···,···,··║
·█·█·█···········║·,·,·,·,·,·,···,·,·,·,·,·,···,·,·,·,·,·,···,·,·,·,·,·,···,·,·║
·█·█·█···········║,···,···,·······,···,···,···,···,···,·······,···,···,···,···,║
·-·70·85·59······║·,·,·,·,·,···,·,·,·,·,·,···,·,·,·,·,·,···,·,·,·,·,·,···,·,·,·║
·Ilse············║··,···,·······,···,···,···,···,···,·······,···,···,···,···,··║
···█·▄···········║·,·,·,·,···,·,·,·,·,·,···,·,·,·,·,·,···,·,·,·,·,·,···,·,·,·,·║
···█·█···········║,···,·······,···,···,···,···,···,·······,···,···,···,···,···,║
·█·█·█···········║·,·,·,···,·,·,·,·,·,┌─┐,·,·,·,·,·,···,·,·,·,·,·,···,·,·,·,·,·║
·-·40·99·79······║··,·················│R│···,I··,·······,···,···,···,···,···,··║
·Georg···········║·,·,···,·,░·░·░·░·░·└─┘,·,·,·,·,···,·,·,·,·,·,···,·,·,·,·,·,·║
·················║,·······,···········,·G·,·B·,·······,···,···,···,···,···,····║
·▄···▄···········║·,···,·,·,░·░·░·░····,·,·,·,·,···,·,·,·,·,·,···,·,·,·,·,·,···║
·█·█·█···········║······,···············,···,·······,···,···,···,···,···,······║
·W·55·32·44······║···,·,·,·,░·░·░···░··,·,·,·,···,·,·,·,·,·,···,·,·,·,·,·,···,·║
·Brunhild········║····,···,···········,···,·······,···,···,···,···,···,·······,║
·▄·█·█···········║·,·,·,·,·,░·░···░·░··,·,·,···,·,·,·,·,·,···,·,·,·,·,·,···,·,·║
·█·█·█···········║··,···,·······················,···,···,···········,·······,··║
·█·█·█···········║·,·,·,·,·,░···░·░·░·░·░·░···░··,·,·,·,····░·░·░·░··,···,·,·,·║
·-·90·99·98······║,···,···,·······················,···,···················,···,║
·················╚═════════════════════════════════════════════════════════════╝
·on·the·road··Awaiting·orders.··selected:·Reinhardt·(Ready)············10.0·fps·
