---
source: examples/tests/snapshots.rs
assertion_line: 96
expression: view
---
·08·Hex·outline··A·drawn·honeycomb·with·province·borders,·Endless·Legend·style.·
·||·····~····||·····~····||·····~····||·····~····||·····§····||·····"····||·····
╱──╲╲······╱╱──╲╲······╱╱──╲╲······╱╱──╲╲······╱╱──╲╲······██████······██████···
·····╲╲──╱╱······╲╲──╱╱······╲╲──╱╱······╲╲──╱╱······╲╲─███······██████······███
·······||··········||··········||··········||··········██··········||··········|
··~····||·····~····||·····~····||·····~····||·····§····██·····"····||·····"····|
·····██████······██████······██████······██████······███─╲╲······╱╱──╲╲······╱╱─
█████······██████······██████······██████······██████······╲╲──╱╱······╲╲──╱╱···
·||··········||··········||··········██··········||··········||··········||·····
·||·····~····||·····~····||·····~····██·····~····||·····§····||·····"····||·····
╱──╲╲······╱╱──╲╲······╱╱──╲╲······╱╱─███······╱╱──╲╲······╱╱──╲╲······╱╱──╲╲···
·····╲╲──╱╱······╲╲──╱╱······╲╲──╱╱······███─╱╱······╲╲──╱╱······╲╲──╱╱······╲╲─
·······||··········||··········||··········██··········||··········||··········|
··~····||·····~····||·····~····||·····§····██·····§····||·····§····||·····"····|
·····╱╱──╲╲······╱╱──╲╲······╱╱──╲╲······╱╱─███······██████······╱╱──╲╲······╱╱─
╲──╱╱······╲╲──╱╱······╲╲──╱╱······╲╲──╱╱······██████······███─╱╱······╲╲──╱╱···
·||··········||··········||··········||··········||··········██··········||·····
·||·····~····||·····~····||·····~····||·····§····||·····§····██·····§····||·····
╱──╲╲······╱╱──╲╲······╱╱──╲╲······╱╱──╲╲······╱╱──╲╲······███─╲╲······╱╱──╲╲···
·····╲╲──╱╱······╲╲──╱╱······╲╲──╱╱······╲╲──╱╱······╲╲─███······╲╲──╱╱······╲╲─
·······||··········||··········||··········||··········██··········||··········|
··~····||·····~····||·····~····||·····§····||·····§····██·····♣····||·····§····|
·····╱╱──╲╲······╱╱──╲╲······╱╱──╲╲······╱╱──╲╲······╱╱─███······██████······╱╱─
·(6,·16)··jungle··province·18··edges:·box··borders·on··seed·5··········10.0·fps·
