---
source: examples/tests/snapshots.rs
assertion_line: 94
expression: view
---
·06·Isometric·elevation··Staggered·2.5D·stacking·with·cliff·faces;·depth·sort·i·
················································································
················§···············§···············§···············§···············
················································································
········§···············§···············§···············§·······················
················································································
················§···············§·······································§·······
················································································
········§·······································§·······························
················································································
§·······················§···············§···············§···············,·······
················································································
········§·······················§···············§···············,···············
················································································
§·······················§···············§···············,·······················
················································································
········§·······················§···············,···············,···············
················································································
§·······················,···············································,·······
················································································
················♣·······················▲···············▲·······················
················································································
········♣·······················▲···············▲···············▲···············
·tile·(28,·28)··jungle··level·2/5··per-level·2··seed·5·················10.0·fps·
