---
source: examples/tests/snapshots.rs
assertion_line: 144
expression: view
---
·31·Dice·Tactics··A·party's·turn·decided·by·a·roll:·big·multi-cell·dice,·tap·to·
Round·1·[ROLLING]·1:--·2:block·3/4/6:sword·5:heal·rerolls·2·····················
┌·Party·────·5·┐┌───·--·┐·┌·H2·───┐·┌·H3·───┐·┌·H4·───┐·········┌·Monsters·─·3·┐
│Bram··········││·······│·│·•···•·│·│·•···•·│·│·•···•·│·········│Bog·Ooze······│
│██████████████││·······│·│·······│·│·······│·│·······│·········│██████████████│
│Warrior·22/22·││···•···│·│·······│·│···•···│·│···•···│·········│atk·4·hp·15/15│
│Sable·········││·······│·│·······│·│·······│·│·······│·········│Fang·Wolf·····│
│██████████████││·······│·│·•···•·│·│·•···•·│·│·•···•·│·········│██████████████│
│Rogue·16/16···│└───────┘·└───────┘·└───────┘·└───────┘·········│atk·5·hp·12/12│
│Elowen········│················································│Cinder·Imp····│
│██████████████│┌───·--·┐·······································│██████████████│
│Cleric·18/18··││·······│·······································│atk·4·hp·13/13│
│Ashka·········││·······│·······································│··············│
│██████████████││···•···│·······································│··············│
│Mage·14/14····││·······│·······································│··············│
│Doran·········││·······│·······································│··············│
│██████████████│└───────┘·······································│··············│
│Guard·24/24···│················································│··············│
└──────────────┘················································└──────────────┘
┌────────────────────────┐·┌────────────────────────┐·┌────────────────────────┐
│REROLL··················│·│UNDO····················│·│RESOLVE·················│
│························│·│························│·│························│
└────────────────────────┘·└────────────────────────┘·└────────────────────────┘
·wave·1·round·1·rerolls·2··1-5·pick·die··arrows·pick·target············10.0·fps·
