---
source: examples/tests/snapshots.rs
assertion_line: 194
expression: view
---
·Carved·Lair··Dungeon·Keeper:·terrain·dug·at·runtime,·with·invaders·pathing·int·
▓▓▓♦▓▓▓▓▓▓▓♦▓▓▓▓▓▓▓▓▓▓▓▓▓▓▓▓▓▓▓▓▓▓▓▓▓▓▓▓▓▓▓▓▓▓▓▓▓▓▓▓▓▓▓▓▓▓▓▓█▓▓♦▓▓▓▓▓▓▓▓▓▓▓▓▓▓▓▓
♦·····················································▓▓▓▓▓▓▓▓▓▓▓▓▓♦▓▓▓▓▓▓▓▓▓▓▓▓
▓····················································≈≈··········♦··▓▓▓▓▓▓▓▓▓▓▓▓
▓····················································≈≈···········♦·▓▓▓▓▓▓♦▓▓▓♦▓
·······················································≈···········♦▓▓▓▓▓▓▓▓▓▓▓▓
·→→→→→→→→→→→→→→→→→→→→→→→→→→→→→→→→→→→→→→→→→→→→→→→→→→→→→→→→→→→↓·······▓▓▓▓▓▓▓▓▓▓▓▓
·↑······················▓▓▓▓▓▓▓·····························↓·······▓▓▓▓▓▓▓▓▓▓▓▓
·↑······················▓▓▓▓▓▓▓·····························↓·······▓▓▓▓▓▓▓▓▓▓▓▓
·H······················▓▓▓▓▓▓▓····························♥i♥i·····▓▓▓▓▓♦▓▓▓▓▓▓
·►······················▓▓▓▓▓▓▓····························i●♥······▓█▓▓▓▓▓▓▓▓♦▓
·░······················▓▓▓▓▓▓▓····························♥♥♥······▓▓▓▓▓▓▓▓▓▓▓▓
························▓▓▓▓▓▓▓·····························■i······▓▓▓▓▓▓♦▓▓▓▓▓
························▓▓▓▓▓▓▓·····································▓▓▓♦▓▓▓▓▓▓▓▓
▓▓▓▓▓▓▓▓▓▓▓▓▓▓▓▓▓▓▓▓▓▓▓▓▓▓▓♦▓♦▓▓▓▓▓▓▓▓▓▓▓▓▓▓▓▓▓▓▓▓▓▓▓···············▓▓▓▓▓▓▓▓▓▓▓▓
▓▓▓▓▓▓▓♦▓▓▓▓▓▓▓▓▓▓▓▓▓▓▓▓▓▓▓▓▓▓▓▓▓▓▓▓▓▓▓▓▓▓▓▓▓▓▓▓▓▓▓▓▓++·············▓▓▓♦▓▓▓▓▓▓▓▓
▓▓▓▓▓▓♦▓▓▓▓▓▓▓▓▓▓▓▓▓▓▓▓▓♦▓▓▓▓▓▓▓▓▓▓▓▓▓▓▓▓▓▓▓▓▓▓▓▓▓▓▓▓++·············▓▓♦▓▓▓▓▓▓▓▓▓
▓▓▓▓▓▓▓▓▓▓▓▓▓♦▓▓▓▓▓▓▓▓▓▓▓▓▓▓▓♦▓▓▓▓▓▓▓▓▓▓▓♦▓▓▓▓▓▓▓▓▓▓▓···············▓▓▓♦▓▓▓▓♦▓▓▓
▓▓▓▓▓▓▓▓▓▓▓▓▓▓▓▓▓▓▓▓▓▓▓▓▓▓▓▓▓▓♦▓▓▓▓▓▓▓▓▓▓▓▓▓▓▓▓▓▓▓▓▓▓▓▓▓▓▓▓▓▓▓▓▓▓▓▓▓▓▓▓▓▓▓▓▓▓▓▓▓
················································································
····Dig········Fill········Trap········Lair·······Hatch·······Trsy······Train···
····························15g·········40g········40g········40g········40g····
················································································
·Gold·60··Imps·4··Rooms·3··Heart·100%··Mode:·Dig··1-7·select·tool······10.0·fps·
