---
source: examples/tests/snapshots.rs
expression: view
---
·52·Quiet·March··Divine·Right:·letter-spaced·realm·names·printed·across·a·hex·m·
·Loris···Larkin·························Khardul·································
·····E·L·F·L·A·N·D·················I·M·M·E·R······················O·R·N····N····
····▲·····♥·∩·······♣·······♣·····♠·∩·······························∩······↑♣···
·····Vahka···········Jipols···········Axu·····Worn············Sc·········W←+→Ept
················································/··························↓····
················♣·······♣·······♣·······▲······/···························S····
················Withers······················/-·································
·············H·O·T·H·I·O·R··/----------------·A·R················P·O·N··········
····················∩······/················∩·······················∩···········
·····Oasis···············/-···················Olde···················Heath····Oo
················---------···················S·H·U·C·A·S·S·A·M···················
························▲···············♣·····♠·∩·······≈···············≈·······
·········································Forbid··················Shrine·········
·············R·O·M·B·U·N·E······················································
····················∩·······························♦·······♣···················
················································································
················································································
·ZORN·--·independent,·disposition·45%···Select·a·realm,·then·send·an·envoy.·····
················································································
················································································
··········<·PREV···················SEND·ENVOY···················NEXT·>··········
················································································
·realm·3/8··[·/·]·cycle·realm··Enter/Space·send·envoy··················10.0·fps·
