---
source: examples/tests/snapshots.rs
assertion_line: 162
expression: view
---
·39·Company·Road··Battle·Brothers·overland:·banner·settlements,·a·travelling·vi·
▓░░░░▓░▓▓░▓░▓░░▓▓░▓▓░▓▓▓░░*******♠♠♠♠~♠,♠*********░░░▓▓░░░░▓░░░░░▓▓░░▓▓▓░░░░░▓▓▓
░┌·Company·────────────────┐*┌───────────────────┐***░▓░▓░░░░░▓░░▓░┌·Company·─┐▓
░│Crowns·2336·Food·28·Ammo·68│Day·3·-·Afternoon··│·****░░░░░░░▓░▓░░│12/20·····│░
░│Contract:·reach·BIRKETORN│*└───────────────────┘*******▓░░░░░▓▓▓░│··········│▓
▓└───────────────────────┌───────┐·┌───────┐"┌───────┐****▓░░░▓▓░▓░└──────────┘▓
░▓░▓▓▓░░░▓░▓░▓▓░▓********│·······│─│·······│"│·······│*****▓░▓░▓░░▓░▓▓░▓▓▓░░▓░░▓
▓▓░░▓▓░░░░░░░▓▓░*********│··||···│B│···►···│~│··►►···│******▓░▓░▓▓▓░▓▓▓▓▓░▓░▓▓▓░
░▓▓░░░▓░▓▓░░░░▓**********└───────┘"└───────┘~└───────┘*******▓▓░▓▓░░░░░▓░▓░░░░▓▓
▓▓▓▓░░▓▓░░░░▓▓▓*****************""~~~~~~~~~~~"***************░▓▓▓░▓░▓░▓░░▓▓░░▓▓▓
░░░▓░▓░▓░░▓░░░******************"~~~~"""~~~~~"****************░░░░░░▓░▓░▓░░░▓▓░▓
▓░░▓░▓░░░░░░░░"""""""""""""""""""~~~~""""~~~~""""""""""nnnnnnn░▓░▓▓n░░▓░░▓▓░░░░░
░▓▓▓░▓▓░░▓░░▓▓""""""""""""""""""~~~~""┼"☻~~~"""""""""""nnnnnnn░nn┌───┐""▓░░▓▓▓░▓
░▓▓░▓░░░░▓▓▓░░""""""""""""""""""~~~~""""""~~""""""""""nnnnnnnnnnn│·♠·│"""░▓▓▓▓▓▓
░░▓░▓░░░░▓░░░░▓"""""""""""""""""~~~~~""""~~"""""""""""nnnnnnnnnnn└───┘""""▓░░▓░▓
░░▓░░░░▓░░▓▓▓▓░""""""""""""""""~~~~~~~~~~~"""""""""""""nnnnnn░nBIRKETORN"░▓▓░▓░░
░▓░░░░░▓░▓░░▓▓▓░"""""""""""""""~~~~~~~~~~~"""""""""""""nnnnn░▓▓nnnnn""""░▓░░▓░▓▓
▓░░░░▓░░░░▓▓▓▓░▓░""""""""""""""~~~~~~~~~~~~"""""""""""nnnnn░▓░░░▓░▓n░▓░░▓░░░░▓▓▓
░▓░▓▓░▓░▓▓░▓▓▓░░▓▓"""""""""""""~~~~~~~~~~~~""""""""""nnnnn▓░░░░░▓░░░▓▓▓▓▓░░░░░▓▓
░░░▓░░▓▓░░▓▓▓░▓░▓▓░""""""""""""~~~~~~~~~~~~""""""""""nnnn▓░▓░░░░░░░░▓░░▓▓░▓░░▓▓░
▓▓░░░▓░▓░░░░▓░░▓▓░░░░"""""""""""~~~~~~~~~~~"""""""""♠♠"▓▓▓▓░▓▓▓▓░▓░▓▓░▓▓▓▓░░▓░▓░
░▓▓▓▓▓░▓▓▓░░▓▓░░░▓░░▓▓░""""""""""~"~~~~~~~~~"""""♠♠♠♠░░░░░▓▓░░░▓░▓░▓▓▓░░░▓░▓░▓░░
▓░▓░▓░▓▓░░▓░░░▓░▓░▓▓░░░▓▓░"""""""""~~~~~~~~~""♠♠♠♠▓░▓▓░░░░░▓▓▓░░▓▓░▓▓▓▓▓▓░░▓░▓▓▓
·day·3·pos·(69,16)··Arrows·move·cursor·································10.0·fps·
