---
source: examples/tests/snapshots.rs
expression: view
---
·25·Flag·war··Territory·as·colored·ASCII·trigrams;·flags·pull·population,·not·o·
···-···-···n···-···-···-···-···-···-···-···-···-···-···-···-···-··/\^·/\^·······
·-···-···-···-···-···-···-···-···-···-···-··/\^··-··/\^··-···-···-··/\^·········
···-···-···-···-···-···-···-···-···-···-···-··/\^·/\^··-···-···-··/\^···········
·-···-···-···-···-···-···-··/\^·/\^··-···-···-···-···-··/$\··-···-··············
···-···-···-··/$\··-···-···-···-···-···-···-···-···-···-···-···-················
·-···-···-···-···-···-···-···-···-···-···-···-···-···-···-···-··················
···-···-···-···-···-··/\^··-···-··/\^··-···-···-···-···-···-····················
·-···-···-···-··/$\··-··/$\··-···-···-···-···-···-··/$\·/\^·····················
···-···-···-···-···-···-··/$\··-···-···-···-··/$\··-···-···-····················
·-···-···-··/$\··-···-···-···-···-···-···-···-···-··/\^··-···-··················
···-···-···-···-···-··/\^··-···-···-···-(··-···-···-···-···-···-················
·-···-···-··/\^·/\^··-···-···-···-···-···n···-··/\^··-··/$\··-···-··············
···-···-···-··/$\··-···-···-···-···-···-···-···-···-···-···-···-···-············
·-··/\^··-···-···-···-···-···-···-··/\^··-···-···-···-···-···-···-··/\^·········
···n···-···-···-···-···-··/\^··-···-···-···-···-··/\^··-··/\^··-···-··/\^·······
·-···-··/$\··-··/\^··-···-···-···-···-···-···-···-···-···-···-···-··/\^·/\^·····
···-···-···-···-··/$\·/$\·/$\··-··/\^·/$\··-···-···-···-···-···-··/\^·/\^·/\^···
·-···-···-···-···-···-···-···-···-···-···-···-··/\^·/\^·/$\··-··/\^·/\^·/\^·/\^·
···-··/\^··-···-···-···-···-··/\^··-···-···-···-···-···-···-··/\^·/\^·/\^·/\^·/\
·-···-···-···-···-···-···-···-···-···-···-··/\^··-···-···-··/\^·/\^·/\^·/\^·/\^·
^·/\^·/\^··-··/$\··-···-···-···-···-···-···-··/\^··-··/\^·/\^·/\^·/\^·/\^·/\^·/\
·Pop:···24····0····0····························································
·Gold:·400··Prices:·150,·300,·600··Speed:·1.0x··WASD/arrows·cursor·····10.0·fps·
