---
source: examples/tests/snapshots.rs
expression: view
---
·37·Faith·War··Dominions·province·map:·armies·drawn·as·formations,·not·tokens.··
╔·Fencairn·════════════════════════╗╔·Ashkindler·════════════════════════════╗··
║Population:·23320·················║║Treasury·3641··Income·+704··············║··
║Income:·221·······················║║Turn·1··································║··
║Supply:·1166······················║║········································║··
╚══════════════════════════════════╝╚════════════════════════════════════════╝··
┌──────────────────┐··········Fencairn················~··~·~┌──────────────────┐
│♀·Kestrel·········│····.·.···········^··^··^··^^······^····│··················│
│Patrol············│············^··^^···^············^^·^·^·│End·Turn··········│
│Ldr·14············│··.······.··^^^^^·········^^········^^^·│··················│
│scouts·x6·········│·····♣♣·····^·^·^·^··^···^··^···········└──────────────────┘
└──────────────────┘♣♣··♣♣♣♣♣♣··^·^^^^·^·^·^·····^···^··^··^┌──────────────────┐
┌──────────────────┐♣·♣♣♣♣♣·♣·^·······^·^····^···^^·^^·····^│··················│
│♂·Varyn···········│♣♣♣·♣♣·♣♣····^··^^··█^··^···^^·····^^^^^│Army·Setup········│
│Defend············│♣♣♣♣·♣♣·♣♣·^^^^^^^·^│··^····^^···^·^^·^·│··················│
│Ldr·16············│♣♣♣♣·♣♣·♣♣··^^·↑↑↑↑↑☻↑↑↑↑·^···^··^^·^^^^└──────────────────┘
│legion·x32········│·♣···♣♣♣♣♣··^^·♠♠♠♠♠♠♠♠♠♠·^····^·^^^·^··┌──────────────────┐
└──────────────────┘♣♣♣·♣♣·♣♣······♠♠♠♠♠♠♠♠♠♠·^^^····^··^·^^│··················│
┌──────────────────┐·♣·♣♣♣·♣♣♣·^^^·♠♠♠♠♠♠♠♠♠♠··^^^···^·^··^^│Recruit···········│
│☼·Old·Moro········│♣♣♣♣♣♣♣♣♣·^·····^^^·^·^·······^····^^^^·│··················│
│Research··········│♣·♣♣·♣·♣♣··^·^·^····^^^^·^·^·^^^····^··^└──────────────────┘
│Ldr·12············│·♣♣♣·♣♣♣·····^^·^·^·^^···^^·^^^··^^^^^^·┌──────────────────┐
└──────────────────┘♣♣·♣·♣♣·····^··^^^^··^·^·^·^^^^^···^^^··└──────────────────┘
·turn·1··treasury·3641··selected:·none··Tab·cycle·commander············10.0·fps·
