---
source: examples/tests/snapshots.rs
expression: view
---
·30·Fleet·Command··A·sector·node·map·paired·with·a·live·three-lane·squadron·bat·
·FUEL·10/10···SCRAP·8···CREW·4··················································
╔·Sector·Map·══════════════════════════╗╔·Squadron·Battle·═════════════════════╗
║·················┌·CETI·─┐············║║LANE·1·POINT·DEF·*····██████████··[B]·║
║·················│$·ORE··│············║║······································║
║·············┌───│-2·FUEL│────┐────···║║OUR·──────────────────────────────·ENY║
║·············│···└───────┘····│·······║║······································║
║·············│················│·······║║LANE·2·MAIN·GUN·*·····██████████··[A]·║
║·············│················│·······║║······································║
║·············│················│·······║║OUR·──────────────────────────────·ENY║
║·············│················│·······║║LANE·3·HANGAR·*·······██████████··[F]·║
║╔═·HERE·╗····│···┌·VESK·─┐····│·······║║······································║
║║§·DOCK·║····│···│☻·HOST·│····│·······║║OUR·──────────────────────────────·ENY║
║║CURRENT║────────│-1·FUEL│─────────···║╚══════════════════════════════════════╝
║╚═══════╝········└───────┘············║┌·Command·Deck·────────────────────────┐
║······································║│┌───┌───┌─────────┐ENEMY·FLAGSHIP·····│
║┌·Contact·───────────────────────────┐║││3·F│3·B│3·Armor··│Hull·█████████████·│
║│Tap·a·reachable·node·to·inspect·it.·│║││Bea│Bea│Beats····│POINT·DEF·████████·│
║│····································│║││bom│arm│fighters.│MAIN·GUN··████████·│
║│····································│║││···│···│·········│HANGAR····████████·│
║│····································│║││···│···│·········│···················│
║└────────────────────────────────────┘║│└───└───└─────────┘OFFICERS···········│
╚══════════════════════════════════════╝└──────────────────────────────────────┘
·at·DOCK··tab·map··Left/Right·select·reachable·node····················10.0·fps·
