---
source: examples/tests/snapshots.rs
assertion_line: 148
expression: view
---
·35·Stealth·Grid··Invisible·Inc·vision·cones:·real-time·guards,·turn-based·agen·
┌·Alarm·───────────────────────────────────────────────────────────────·turn·1·┐
│··············································································│
└──────────────────────────────────────────────────────────────────────────────┘
··················································┌·Agents·────────────────────┐
··················································│>·Kai··AP·5/5···············│
··················································│··Nia··AP·5/5···············│
··················································│····························│
···········╶╶╶╶╶╶╶────────────────────────────────└────────────────────────────┘
···········╶╶╶╶╶╶╶────────────────────────────────┌·Log·───────────────────────┐
···········╶╶╶╶╶╶╶────────────────────────────────│Infiltration·begins.·Two·age│
····╷╷╷╷╷╷╷····························▓▓▓▓▓▓▓┌▒▒▒│Tap·an·agent,·then·a·tile.·T│
····╷╷╷╷╷╷╷·S··························▓▓▓▓▓▓▓▒▒▒▒│····························│
····╷╷╷╷╷╷╷····························▓▓▓▓▓▓▓└▒▒▒│····························│
····│││││││·····················▓▓▓▓▓▓▓┌▓▓▓▓5┐┌▒▒▒│····························│
····│││││││················G→···▓▓▓▓▓▓▓▓▓▓▓▓▓▓▒2▒N│····························│
····│││││││·····················▓▓▓▓▓▓▓└▓▓▓▓▓┘└▒▒▒│····························│
····│││││││·····················┌····5┐┌▓▓▓▓4┐┌▒▒▒│····························│
····│││││││····························▓▓▓▓▓▓▓▒▒▒▒└────────────────────────────┘
╔═══════╗······························································╔═══════╗
║·······║······························································║·······║
║·UNDO··║······························································║END·TURN
╚═══════╝······························································╚═══════╝
·seed·35··stage·0··alarm·0··agent·Kai··Tab·cycle·agent·················10.0·fps·
