---
source: examples/tests/snapshots.rs
expression: view
---
·20·Realm·map··Painted·HoMM-style·tiles·with·a·live·movement·path·preview.······
·$·4820···=·26·····▬·19·····♦·4······*·7··························Week·1,·Day·4·
················································································
··························π·····················································
················································································
································································~~~~············
················································································
································································~~~~············
················································································
································································~~⌐~············
················································································
······················π·························································
················································································
······················································Ω·························
················································································
········································~~~~····································
················································································
················································································
················································································
··············⌐·············~~~~~~~~············································
················································································
······················π·········~~~~~~~~················~~~~~~~~··@·········~~~~
················································································
·Aldric··cursor·(12,·15)··grassland··seed·5··WASD/arrows·move·cursor···10.0·fps·
