---
source: examples/tests/snapshots.rs
expression: view
---
·45·Night·Walk··A·bestiary·that·fills·in·through·encounters,·in·a·world·too·dar·
╔══════════════════╗*xx+*x%%**++*%++xx+%**x+*%+*x%+:||:|'|::||||:|::|':|:|':''||
║·······○○○○·······║%*x%**+*%%*xxx%*x%+*x**xx****xx||::||:|::|||::|'||':|||::::'
║·····○......○·····║%*++x%*%x+%*x**%*x*%+*%*:::|'''|:::|::|':||||::''|:::'|::|:|
║·····○.•....○·····║%*x+%*x%%%xx%x%*xxx+%+%*''|''::|:'::'|:|::|:|:|::||::|''|:|:
║·····)......○·····║%x%x%%xx*x%*x%%x%+%x%x%%||:|':::|:|::::|||:'|||:|:|::|:||:||
║·······○○○○·······║x*****%%*%+*x%%%xxxx*%+x:::||:'::':||:||||||:::::|:|||:'|''|
║······DAY·2·······║*%+*x**%*%*+x+**xx%+%xx*:|||||::|'::::::::::|:||||||:|:|':':
║·····04:25·AM·····║+x%%*xx%x+*x*%%+x*%*x**x::┌────────────────────────────────┐
╚══════════════════╝xx**x%x+x*x%x+%+x%%+@%**||│?·▓▓▓▓▓▓▓▓▓·▓▓▓▓▓▓··············│
%xx%xx***x*%%*%x%*%++*%xx*+%xx****%+*x*%%%*x:'│────────────────────────────────│
xx%+%%%**x*xx*%+%x*x*%*x***x%%xx++%++*xx%%%*%*│Gaining·deeper·insights·into····│
%x+x%%+x*%%x%*%*%x*x%+%%*%xx%*%%*%%x**x*xx+x*%│this·enemy·requires·more········│
*xxxx++x%*%*%xxx*xx*++*+*x**+x%+*φ%%*+%x*xx***│encounters.·····················│
**xx+*%*%%x+x+x%*%x+%%*x+**%+%x*xx*%xx%%**%+%x│································│
*%x*+%x***%%*x%xx**x%%%xxx**%*x++x***xx%%+x%%%│································│
%%+%%x%%+x+++x+x*xx+*%****x%**+**x%%x%*x*%%**+└────────────────────────────────┘
┌──────────────────────┐·┌───────┐·┌───────┐····································
│♥·Body·10/10··········│·│·······│·│·······│····································
│♦·Mind·10/10··········│·│·······│·│·······│····································
│······················│·│··BAG··│·│·CAMP··│····································
│······················│·│·······│·│·······│····································
└──────────────────────┘·└───────┘·└───────┘····································
·Day·2·04:25··The·dark·presses·close.·Something·rustles·nearby.········10.0·fps·
