---
source: examples/tests/snapshots.rs
expression: view
---
·69·Spoken·Odds··The·Age·of·Decadence:·a·dialogue·list·whose·length·depends·on··
┌·Characters·────────────┐╔·Gate·Warden·═══════════════════════════════════════╗
│►·1·Naiah·Cross·········│║The·eastern·gate·of·Teron,·an·hour·before·the·watch·║
│··2·Rurik·Dun···········│║····················································║
│··3·Old·Maros···········│║"Road's·closed·past·this·point.·Orders.·Turn·back·or║
│[H]·reveal·the·misses···│║give·me·a·reason·I·should·care."····················║
│························│║····················································║
│························│╚════════════════════════════════════════════════════╝
└────────────────────────┘┌·What·do·you·say?·──────────────────────────────────┐
┌·Sheet·─────────────────┐│1.·Persuasion:[4],·"If·I'm·stuck·here,·I'll·get·noth│
│Persuasion····8·········││2.·Streetwise:[3],·"The·Ordu·are·coming."···········│
│Streetwise····6·········││3.·Persuasion+Streetwise=[8],·"Look,·I'm·just·an·emp│
│Sneak·········2·········││4.··Draw·steel·and·fight.···························│
│Dexterity·····3·········││····················································│
│Dodge·········2·········││····················································│
│Intelligence··5·········││····················································│
│························││····················································│
│Body·Count····0·········││····················································│
│Word·of·Honor··4········││····················································│
│Treachery·····1·········││····················································│
│························││····················································│
│························││····················································│
└────────────────────────┘└────────────────────────────────────────────────────┘
·Naiah·Cross·(Commercium·Broker)··4·options·visible··reveal·off········10.0·fps·
