---
source: examples/tests/snapshots.rs
assertion_line: 105
expression: view
---
·11·Fog·of·war··Shadowcasting·FOV·feeding·a·three-state·exploration·memory.·····
················································································
················································································
················································································
················································································
················································································
················································································
················································································
················································································
················································································
················································································
················································································
················································································
················································································
················································································
················································································
················································································
················§§§·············▲▲≈▲▲▲··········································
·················§§§§§§§·······▲·♣≈♣♣▲▲···▲·····································
·················§§§§§§§♣♣··▲▲▲▲♣♣≈♣♣·▲··"▲·▲▲··································
·················§§§§§§§♣♣♣·······≈≈·········▲▲▲································
··················§§§§§§♣♣♣·♣♣♣♣♣♣♣☺··"·····"""▲································
··················§§§§§§·♣♣♣♣♣♣♣♣♣♣♣♣♣"·········································
·(35,·70)··visible··explored·8%··scouts·at·(121,51)·auto·/·(35,70)·yo··10.0·fps·
