---
source: examples/tests/snapshots.rs
assertion_line: 180
expression: view
---
·Veiled·Hand··Forbidden·Gods:·a·hidden·villain's·challenge·tracker·against·two··
╔·The·Seals·═══════════════════════════╗·╔·World·══════════════════════════════╗
║Seals·Broken:·0·of·9··················║·║Panic:·1%····························║
║······································║·║▌····································║
║•·•·•·•·•·•·•·•·•·····················║·║░░░░░░░░░░░░░░░░░░░░░░░░░░░░░░░░░░░░░║
║Breaks·in·4·turns·····················║·║Victory:·0%··························║
╚══════════════════════════════════════╝·╚═════════════════════════════════════╝
┌·The·Cursed·──────────┐╔·Challenge·═════════════════════════╗┌·Challenges·─·5·┐
│Might·2··Lore·2·······│║Infiltrate·Coven·of·Witches·········║│>·Infiltrate·Cov│
│Intrigue·2··Command·2·│║Progress:·0/50·(+2·per·turn)········║│··Profile:·2····│
│Hitpoints·5/5·········│║····································║│··Menace:·7··Com│
│Sanity·18/18··········│║Turns·Left:·25···Profile:·2···Menace║│················│
│Attack·2··Defence·2···│╚════════════════════════════════════╝│··Lay·Low·······│
│Items·················│┌·The·Contested·Vale·────────────────┐│··Profile:·0····│
│[·]·[·]·[·]·[·]·······││····································││··Menace:·0··Com│
│Minions·0/2···········││····································││················│
│······················││····n■····•■·····■··•·■·■··•■·······││················│
│······················││Gise's·Village···Ashgrave·Rest······││················│
└──────────────────────┘└────────────────────────────────────┘└────────────────┘
················································································
················································································
·[·End·Turn·]·········Turn·0···next·turn·in·2s··································
················································································
·turn·0···active:·Infiltrate·Coven·of·Witches··1-5·select·challenge····10.0·fps·
