---
source: examples/tests/snapshots.rs
expression: view
---
·Shire·Harvest··Lords·of·the·Realm·II:·a·labor·slider·whose·production·preview··
·Aldermoor·Shire·--·Turn·0··Happiness·60········································
╔·Shire·═══════════════════════════════════════╗╔·County:·Aldermoor·═══════════╗
║··············································║║spring·1275···turn·0··········║
║·#··········,··········,··········,···········║║Peasants·46··Farm·23/24··Indus║
║··············································║║!██████████████║█████████████·║
║··············································║║[+13·cows]·····[+34·grain]····║
║··············································║║-5·idle········+4·stone·······║
║·,··········,,·········,··········-···········║║+5·wood········+3·iron········║
║··············································║║Stock:·grain·400··cattle·40··w║
║··············································║║♥·60·(+2)··Tax·5%·[T]·········║
║··············································║║······························║
║·U··········U··········♠··········∩···········║║······························║
║··············································║║······························║
║··············································║║······························║
║··············································║║······························║
║·-··········-··········§··········-···········║║······························║
║··············································║║······························║
║··············································║║······························║
║··············································║║······························║
║··············································║║······························║
║··············································║║······························║
╚══════════════════════════════════════════════╝╚══════════════════════════════╝
·spring·1275··alloc·50%·industry··farm·23/24··industry·18/18··idle·5···10.0·fps·
