---
source: examples/tests/snapshots.rs
assertion_line: 195
expression: view
---
·City·Works··Civilization·II:·small·readouts·ringing·one·large·city·view·and·a··
·Rivenhall·Falls·--·Pop·7··Founded·Turn·0··Turn·0·······························
╔·City·Radius·═════════════════════════════════════════╗························
║······················································║┌·Food·────────────────┐
║······················································║│gross·15·food·········│
║············,·Dsrt····"·Gras····"·Gras················║│surplus·+1/turn·······│
║··.·Plns····♠·Frst····♠·Frst····"·Gras····^·Mtn·······║│granary·0%············│
║··.·Plns····.·Plns····CITY······,·Dsrt····∩·Hils······║│grows·in·29t··········│
║··♠·Frst····∩·Hils····^·Mtn·····"·Gras····.·Plns······║│······················│
║············.·Plns····"·Gras····"·Gras················║│······················│
║······················································║└──────────────────────┘
║······················································║························
╚══════════════════════════════════════════════════════╝························
┌·Citizens·──────────────────────────────────·7·(4u)·┐┌·Build·Queue·───────────┐
│┌────────┐┌────────┐┌────────┐┌────────┐┌────────┐··││Warriors··5t············│
││T01·····││T02·····││T06·····││T15·x···││T18·x···│··││························│
││2F0S1T··││2F0S0T··││2F0S0T··││2F0S1T··││2F0S0T··│··││0/10·shields············│
│└────────┘└────────┘└────────┘└────────┘└────────┘··││next:·Workers···········│
│┌────────┐┌────────┐································││························│
││T19·x···││T03·x···│································││························│
││2F0S0T··││1F1S0T··│································││························│
│└────────┘└────────┘································││························│
└────────────────────────────────────────────────────┘└────────────────────────┘
·turn·0··pop·7··food·+1··shields·2··trade·3··Tab·cycle·focus···········10.0·fps·
