---
source: examples/tests/snapshots.rs
expression: view
---
·55·Warband·Sheet··Mordheim·roster·form:·ruled·stat·columns,·XP·pips,·advanced··
···┌♦┐·══════════════════════════════════════════════════════════════════·┌♦┐···
·······WARBAND:·The·Reikland·Company··························RATING:·104·······
·······TYPE:·Reikland·Mercenaries···············································
·······TREASURY:·87·gc·······································WYRDSTONE:·3·······
·······══════════════════════════════════════════════════════════════════·······
·······│Name······················│Type······│·M│WS│BS│·S│·T│·W│·I│·A│Ld│·······
·······┬──────────────────────────┬──────────┬──┬──┬──┬──┬──┬──┬──┬──┬──┬·······
·······│•Otto·Kessler·············│Captain···│·4│·4│·4│·3│·3│·1│·4│·1│·8│·······
·········Equipment:·Sword,·main·gauche,·light·armour····························
·········Special·Rules:·Leader··················································
·········XP:·[·][·][·][·][·][·][·][·]·0·xp··(next·@·1)··························
·······├──────────────────────────┼──────────┼──┼──┼──┼──┼──┼──┼──┼──┼──┤·······
·······│·Falk·Bruckner············│Champion··│·4│·4│·3│·3│·3│·1│·3│·1│·7│·······
·········Equipment:·Halberd,·buckler············································
·········Special·Rules:·Strike·to·Injure········································
·········XP:·[·][·][·][·][·][·][·][·]·0·xp··(next·@·1)··························
·······├──────────────────────────┼──────────┼──┼──┼──┼──┼──┼──┼──┼──┼──┤·······
·······│·Gerhard·Voss·············│Champion··│·4│·4│·3│·3│·3│·1│·3│·1│·7│·······
·········Equipment:·Sword,·sword,·helmet········································
·········Special·Rules:·--······················································
·········XP:·[·][·][·][·][·][·][·][·]·0·xp··(next·@·1)··························
·······├──────────────────────────┼──────────┼──┼──┼──┼──┼──┼──┼──┼──┼──┤·······
·rating·104··fighters·8··selected:·Otto·Kessler························10.0·fps·
