---
source: examples/tests/snapshots.rs
assertion_line: 183
expression: view
---
·Iron·Colossus··Ogre:·numbered·counters·against·one·giant·unit·with·a·component·
╔·Battlefield·═══════════════╗╔·Component·Damage·Track·════════════════════════╗
║~·~··♣·♣·············♣·♣····║║MOVE·6···FIREPOWER·30···ATTACKS·7···RANGE·5·····║
║♣♣···♣·♣♣♣···········♣·♣♣♣··║║┌─────────┐·┌─────────┐·┌─────────┐·┌─────────┐·║
║·♣··♣····♣··········♣····♣··║║│MAIN·····│·│SEC-1····│·│SEC-2····│·│SEC-3····│·║
║·♣··♣··♣·♣··········♣··♣·♣··║║│A8·R4····│·│A4·R2····│·│A4·R2····│·│A4·R2····│·║
║····♣·♣·············♣·♣·····║║│-8·FP····│·│-4·FP····│·│-4·FP····│·│-4·FP····│·║
║····························║║│·········│·│·········│·│·········│·│·········│·║
║····························║║└─────────┘·└─────────┘·└─────────┘·└─────────┘·║
║····························║║················································║
║·····♣·♣·····♣·♣············║║┌─────────┐·┌─────────┐·┌─────────┐·┌─────────┐·║
║♣♣···♣·♣♣♣···♣·♣♣♣··········║║│SEC-4····│·│MSL-1····│·│MSL-2····│·│TRD-1····│·║
║·♣··♣····♣··♣=▲=·♣··········║║│A4·R2····│·│A3·R5····│·│A3·R5····│·│MOVE·····│·║
║·♣··♣··♣·♣··♣··♣·♣··········║║│-4·FP····│·│-3·FP····│·│-3·FP····│·│-1/8·MOVE│·║
║·~·~♣·♣·····♣·♣·············║║│·········│·│·········│·│·········│·│·········│·║
║·~·~~~······················║║└─────────┘·└─────────┘·└─────────┘·└─────────┘·║
║~····~······················║║················································║
║~··~·~······················║║················································║
║~·~··················♣·♣····║║················································║
║·····················♣·♣♣♣··║║················································║
║····················♣····♣··║║····Prev·······Strike·······Next········Reset···║
║····················♣··♣·♣··║║················································║
╚════════════════════════════╝╚════════════════════════════════════════════════╝
·MAIN·armed··treads·8/8··←/→·select·part··Enter·strike·armed·part······10.0·fps·
