---
source: examples/tests/snapshots.rs
assertion_line: 193
expression: view
---
·57·Dealt·Dungeon··Hand·of·Fate:·the·dungeon·map·is·a·grid·of·face-down·cards·y·
··┌────────┐······┌──────┐·······┌─────┐·········┌───┐····┌·Traveler·────·Fl.1·┐
··│░▒░▒░▒░▒│······│░▒░▒░▒│·······│░▒░▒░│·········│░▒░│····│┌───────┐·┌───────┐·│
··│▒░▒░▒░▒░│······│▒░▒░▒░│·······│▒░▒░▒│·········│▒░▒│····││Health·│·│Gold···│·│
··│░▒░▒░▒░▒│······│░▒░▒░▒│·······│░▒░▒░│·········│░▒░│····││60/60··│·│20·····│·│
··│▒░▒░▒░▒░│······│▒░▒░▒░│·······│▒░▒░▒│·········│▒░▒│····│└───────┘·└───────┘·│
··└────────┘······└──────┘·······└─────┘·········└───┘····│····················│
··························································│┌───────┐·┌───────┐·│
·····┌──┐···········┌─┐·············┌┐····················││Food···│·│Gear···│·│
·····│░▒│···········│░│·············││····················││60/60··│·│0······│·│
·····│▒░│···········│▒│·············││····················│└───────┘·└───────┘·│
·····│░▒│···········│░│·············││····················│····················│
·····└──┘···········└─┘·············└┘····················│┌───────┐·┌───────┐·│
··························································││Deck···│·│Discard│·│
·············································┌───────────┐││220····│·│0······│·│
·············································│···········││└───────┘·└───────┘·│
·············································│···········││····················│
·············································│···········││····················│
·············································└───────────┘└────────────────────┘
┌·Dealer·──────────────────────────────────────────────────────────────────────┐
│The·dealer·shuffles·the·deck.·················································│
│Tap·or·move·(WASD/arrows)·to·an·adjacent·card.································│
└──────────────────────────────────────────────────────────────────────────────┘
·floor·1··hp·60··gold·20··deck·220·····································10.0·fps·
