---
source: examples/tests/snapshots.rs
expression: view
---
·29·Ship·Breach··An·FTL-style·ship·cross-section:·reactor·pips,·crew,·fire,·and·
┌·Status·──────────────────────────────────────────────────────────────────────┐
│HULL·██████████████████████████████···········································│
│SHLD·○·○······································································│
│O2···██████████████████████████████···········································│
└──────────────────────────────────────────────────────────────────────────────┘
╔·Player·Hull·══════════════════╗┌·Reactor·─────────────────────────────·11/14·┐
║·╶───────╴·╶───────╴·╶───────╴·║│[-]·Piloting■■··2/3··························│
║╷·········╷·········╷·········╷║│[-]·Weapons·■■···2/4·························│
║│·Pilotin·╵·Weapons·╵·Shields·│║│[-]·Shields·■■···2/4·························│
║│·■■········■■········■■······│║│[-]·Engines·■■···2/4·························│
║│·····1···╷·····3···╷·········│║│[-]·Oxygen··■■··2/3··························│
║╵·········╵·········╵·········╵║│[-]·Medbay··■··1/2···························│
║·┌┬┬┐·┌┬┬┐·┌┬┬┐·┌┬┬┐·┌┬┬┐·┌┬┬┐·║└─────────────────────────────────────────────┘
║·└┴┴┘·└┴┴┘·└┴┴┘·└┴┴┘·└┴┴┘·└┴┴┘·║┌·Weapons·────────────────────────────────────┐
║╷·········╷·········╷·········╷║│Laser·1·chg·████████·························│
║│·Engines·╵·Oxygen··╵·Medbay··│║│Laser·2·chg·█▌·······························│
║│·■■········■■········■·······│║└─────────────────────────────────────────────┘
╚═══════════════════════════════╝···············································
················································································
················································································
································II·PAUSE·(Space)································
················································································
·Hull·100%··O2·100%··Reactor·11/14··Crew·4·····························10.0·fps·
