---
source: examples/tests/snapshots.rs
expression: view
---
·18·Panel·chrome··A·three-column·roguelike·interface·built·from·ui::panel.······
╔·Character·═════════════════╗╔·Dungeon·═════════════════════════════════════··╗
║Roc·························║║····└┴┴┴┘·····│··├····┤············├┤····┌┬┬····║
║Death·Speaker···············║║··············│··├····┤············├┤····├······║
║····························║║··············╵··└┴┴┴┴┘·······╷····├┤····├······║
║Health··███████████████▌····║║······························╵····└┤····├······║
║Hunger··████████████········║║·····························╷······│····├······║
║Thirst··█████████████▌······║║·················┌┐········┌┬┤······│····├······║
║Fatigue·███████████████·····║║·················├┤········├·┤···@··│····├······║
╚════════════════════════════╝║┬┐···············└┘········└┴┘······╵····├······║
╔·Powers·════════════════════╗║┴┘·······································├······║
║1:·Strike···················║║······································╷··├······║
║2:·Guard····················║║···························╶──╴··┌┬┬┬┬┤··├······║
║3:·Fireball·················║║·································├····┤··├······║
║4:·Heal·····················║╚════════════════════════════════════════════════╝
║5:·Shadow·Step··············║┌·Log·───────────────────────────────────────────┐
║6:·Rally····················║│You·descend·into·the·dungeon.···················│
╚════════════════════════════╝│················································│
╔·Equipment·═════════════════╗│················································│
║Head·····-empty-············║│················································│
║Body·····Leather·Cuirass····║│················································│
║Hands····-empty-············║│················································│
╚════════════════════════════╝└────────────────────────────────────────────────┘
·seed·7··exploring··focus:·map··WASD/arrows·move·······················10.0·fps·
