---
source: examples/tests/snapshots.rs
assertion_line: 102
expression: view
---
·14·Seasons··One·world,·six·moods:·time-of-day·and·seasonal·tints·over·unchange·
····♣·♣♣♣♣♣♣♣···≈≈≈≈·······,♣♣·♣♣··♣♣♣♣♣♣♣♣♣♣·♣♣····"········∩∩·······∩·∩····∩··
♣········♣♣♣···⌐≈≈≈·········♣♣··♣·♣♣·♣♣♣♣♣♣♣♣···"················∩∩·········∩···
♣♣···≈≈·········≈≈≈········,♣♣♣·♣♣♣♣♣♣·♣♣·♣♣·"·"·········∩·∩···············∩····
·♣··≈≈≈········≈≈≈··········♣♣♣♣♣♣·♣♣·♣♣♣♣♣♣♣······"···"······∩·∩∩∩·············
♣♣·≈≈≈········≈≈≈········≈··♣·♣♣♣♣♣♣♣♣♣··♣♣♣♣♣·····""·"······∩·····∩··∩··∩·∩····
♣♣·≈≈········≈≈≈≈········≈,·♣·♣♣♣♣♣♣♣♣♣♣♣♣♣··♣"···"······""·····∩∩··············
·♣··≈········≈≈≈········≈···♣♣♣·♣♣♣♣·♣♣♣♣♣♣♣♣♣"····"···········∩∩∩··············
············≈≈≈≈········≈·♣·♣♣♣♣·♣·♣♣·♣···"·······"······"···"·"······"·"··"····
············≈≈≈········≈·,♣·♣♣♣♣♣♣♣♣♣··"·"""··"·"·"··"·····"······"·"·""······"·
≈≈≈········≈≈≈≈··········§§·♣·♣♣·♣♣"·"·····"····"·"······"···"······"·······"··"
≈≈≈········≈≈≈············§·♣♣··♣"···"··"""·········"·"····"·""····"·"······"···
≈≈········≈≈≈·········§§§§§·♣♣"""······"·······"·""·"·"···"·········"·"·····"···
≈········≈≈≈≈·······§§§§§§§·§♣"·····"···"····"·"·"········"·····"""""··""···"··"
·········≈≈≈······§§§§··"······"················"······"·≈······"········"····"·
········≈≈≈≈·····§§§········"···""·""···"·······"········≈"···"···""············
········≈≈≈·····§§§·"··""······"··"···"··"·"""·"·"··""···≈·····"···"····"·······
§§§····≈≈≈≈····§··"···"··""··"···"·""··"············"····≈············"""····"··
"§·§§··≈≈≈····§"·"··"·"·""···"······"·"·"···"·"·······"··≈····"·"··"··"··"······
"··"·§"·····§"······""·········"···········"····"··"····"≈·"··"···""··"··"··"···
·····"""""····"········""""·······"···"·······""···"····"≈"····"············"···
··"···"········"······"···························★······≈···················""·
·""·"······""·········"··············"·······"··"·≈""····≈·""·····"··"·"··""··"·
·auto··dawn·/·spring··tint·52%··seed·11··WASD/arrows·pan··drag·pan·····10.0·fps·
