---
source: examples/tests/snapshots.rs
assertion_line: 97
expression: view
---
·09·Hex·subcell··Pixel-accurate·hex·outlines·via·braille,·versus·cell-quantized·
······················⣀⠤⠒⠉····························⠑⠤⡀·······················
·················⢀⡠⠔⠊⠉··································⠈⠒⢄·····················
···············⢰⠊⠁·········································⠉⠢⢄··················
···············⡜··············································⠑⠢⡀···············
···············⡇················································⠈⠑⢄⡀············
···············⡇···················································⢸············
··············⢸····················································⡎············
··············⢸····················································⡇············
··············⡜···················································⢀⠇············
··············⡇···················································⢸·············
··············⡇···················································⢸·············
·············⢸····················································⡎·············
·············⢸····················································⡇·············
·············⡜···················································⢀⠇·············
·············⡇···················································⢸··············
·············⡇···················································⢸··············
············⢸····················································⡎··············
············⠈⠒⢄··················································⡇···⠄··········
···············⠉⠢⣀··············································⢀⠇·⢀⠂···········
··················⠑⠤⡀···········································⣸·⠠·············
····················⠈⠑⢄⡀····································⣀⠤⠒⠉⢀⠐··············
·······················⠈⠢⢄·····························⢀⡠⠔⠊⠉···⠠················
·view:·braille·(pixel-accurate,·1·color)··radius·60·dots··[+/-·to·res··10.0·fps·
