---
source: examples/tests/snapshots.rs
expression: view
---
·22·Overworld·Quest··A·Zelda-style·ASCII·overworld·with·a·live·entity·legend.···
.▒▒▒.▓▒·.░▒...··.¥¥¥¥¥¥¥¥¥¥▒░░░▒·.·..·.··..·...▒░..·.··.···..¥¥·▒▒··VVVVVVVV····
▒▓▓▒▒·▒▓▓▒··¥¥¥¥¥¥¥¥¥¥¥¥¥¥¥·▓░▒··..······.···.▒░..·········..¥▓·▒▒.·.·..······..
·▒░·▓▒░░▒▒·.¥¥¥¥¥¥¥¥¥¥¥¥¥¥¥··.░░░·····.·····.▒░··.···.·······▓▒░▒▒.·.··.·...·.··
·····░░░▒.··¥¥¥¥¥¥¥¥¥¥¥¥¥¥¥.·░▒▒▓▓....·····.▓░····.·..··.·..·▓▒░▒░.········.····
.··.··▓▒·.·.··¥¥¥¥¥¥¥¥¥¥¥¥¥·░▒░.·▓▒··.·.·.·▓▒..·····...··.···▓▓·░···.···..···...
··..···▒░.··.·.·¥¥¥¥¥¥¥¥¥¥¥.·░▓▒.▓▓··.··.··.▒▒.....··.··.··¥▒▒.······...·.······
..····.·▒▓····.··¥¥¥¥¥¥¥¥¥¥¥¥·░░▓▒▒·.·····.·.▓░··..······.·▒░.······..··.·······
·.·.···..▓▒.·····¥¥¥¥¥¥¥▓▒▒¥¥▒▓▒▒▒░▒.·.·····.▓▓··.···...····▓░.·..······.·····.·
·░▒▓..···▒▒···.··.¥¥¥¥¥░▒▓▓▒░░▒·▒▒░▒░.··..··░▒···.··.·······░▒·..··.·....··.·.··
▓▒▒▓▒·..··▒▓▒▒.·...¥¥¥¥¥▒▓¥░▒░··.▒·▓▓··.▒▒▓░░..@····.··.▒▓·.▒░▒·.·..···.·.····.·
·░▒▒.·····.▓▒▒░·..·.·¥¥¥░▓¥¥¥··.··.░░··▒▒▒▒▒.·.···..···░░▒░·.▒░▒·.·.··.·..··.··▓
···...·.··.···▓░··.··.¥¥▓▓¥¥····.·▓▒·.░░@·.··.·.·.····.▒▒▒▓····▒▓▓.··..····.▓▒·▒
·.·.·.··.···..░▒▒.··.·¥░▒▒¥¥.··.···░░▒▒▒..··.·····.··..▓░░░··.·.░▒▓···.··..▓░▒▒▓
..·.·...··.·..·░▒▒▒···▓▒░¥¥¥·...·o··▒░▓.·.···@·..··...·▓░·▓░·..··▒▒..··.·.·▒░·▓·
··.·.....·······.▒░▒▒░░▓¥¥¥¥·.·.··.·.···..·········o·..·▒▓░▓·····▒░··.·····▒▒.·.
.·····.···....·..·.▓▒▒▓¥¥¥¥¥¥·.·····.····.····#·.···...··▓▓······▒▓····.··▓▓···.
···.··.·..·.··.·..·¥¥¥¥¥¥¥¥¥¥¥··.·¥··.··o···@·.··.·.·······.··..··▒▓···..·▒▒····
.········..·.·.·.··.¥¥¥¥¥¥¥¥¥¥¥¥¥¥¥¥·.·.·..·.·...·..·.·.·...··..·.▒▒·.·..·▒▒·.·.
·..···········.···.·¥¥¥¥¥¥¥¥¥¥¥¥¥¥¥¥¥..···.···.·.·.·.···..······.▓▒▓·.··.·.░▒···
.·..···▒.·..····.···¥¥¥¥¥¥¥¥¥¥¥¥¥¥¥▒▒░··..······.···▒▒▓▒·.·····.·.▒░▓··.··▓▓··.·
..···.░▒▒...·.·..··.¥¥¥¥¥¥¥¥¥¥¥¥¥¥▒▒░▒░·.·.······.·▓░▒▒▒▒···.·..····░▒·▓▒▒░▒··..
.··.··▒▒▒..·..··.···¥¥¥¥¥¥▓▒▓░▒░¥▒▓¥¥.▒▒░▒▓·..·.··.▒▓.·▒▓░▓░▓...·..··░▓▓▒▒▒··..·
·(70,·45)··9·entities·alive··WASD/arrows·move··Space·attack··R·reroll··10.0·fps·
