---
source: examples/tests/snapshots.rs
expression: view
---
·01·Terrain·cells··One·glyph·per·tile:·Whittaker·biomes·with·northwest·hillshad·
"·▲▲▲▲▲▲▲▲▲▲·▲▲▲▲·▲▲▲▲▲▲▲▲▲▲▲▲▲▲▲▲▲▲▲♠·♠♠♠♠♠♠♠·♠♠··♠♠♠♠♠♠▲▲▲▲▲▲▲▲·▲▲▲≈▲▲▲▲▲▲▲▲♠♠
··▲▲▲▲▲▲▲▲▲▲▲▲▲▲▲▲▲·▲▲▲▲▲▲▲▲▲▲▲▲▲▲▲▲▲♠♠♠♠♠♠·♠♠··♠··♠·♠♠♠▲▲▲▲▲▲▲▲▲▲▲▲▲≈▲▲▲▲·▲▲▲▲▲
··▲▲▲▲▲▲▲▲▲▲▲▲▲▲▲▲▲▲·▲·▲·▲▲▲▲▲▲▲▲▲▲▲♠♠♠♠♠♠♠♠♠♠♠·♠♠·♠♠♠·♠▲·▲▲▲▲▲▲▲▲▲▲▲▲·▲▲▲·▲▲▲·▲
··▲▲▲▲▲▲·"▲▲▲▲▲▲▲▲▲▲▲▲▲·▲▲▲▲▲·▲▲▲·▲♠·♠♠♠♠♠♠♠♠♠♠♠♠♠·♠♠·♠♠▲▲▲▲▲▲▲▲▲▲▲▲·▲▲▲▲▲▲▲▲▲▲▲
···▲▲▲▲·"··▲▲▲▲▲▲▲▲▲▲▲▲▲▲▲▲▲▲▲▲▲▲▲♠♠♠♠♠♠♠♠··♠·♠♠♠♠·♠♠♠♠··▲▲▲▲▲▲▲▲·▲▲▲▲▲▲▲▲▲▲·▲▲·
·"········▲▲▲▲▲▲▲▲▲▲▲▲·▲▲▲▲▲··▲▲▲·"♠♠♠♠♠♠·♠♠♠·♠♠♠♠·♠♠♠♠♠♠▲▲·▲▲▲▲·▲▲▲▲▲▲▲▲▲▲▲▲▲▲▲
"·""·"····▲▲▲▲▲▲·▲·▲▲▲·▲▲▲▲▲▲▲▲▲▲·"···♠·♠♠♠♠♠♠♠·♠♠·♠·♠♠♠♠▲▲▲▲▲▲▲▲·▲▲▲▲▲▲▲▲▲▲▲▲▲♠
"·"·"···"·▲▲▲▲▲▲▲▲▲▲▲▲▲▲▲▲▲▲▲▲▲▲""······♣♣♣♣♣♣♣♣·♣·♠♠·♠♠♠▲▲▲▲·▲▲▲▲▲▲▲▲▲▲▲▲▲▲▲▲♠♠
·······"··▲▲▲▲▲▲·▲▲▲▲▲▲▲▲▲▲▲▲▲▲···"""····"""··"··"·♣♠♠♠♠▲▲▲▲·▲▲▲▲▲▲▲▲▲▲▲▲·▲▲▲♠♠♠
·"·····"···▲▲▲▲▲▲▲▲▲▲▲·▲▲▲▲▲····"·····""""··"··"···♣♣♣♠♠▲·▲▲▲▲▲▲▲▲▲▲·▲▲▲▲▲·▲♠♠♣·
"···"·"··"···▲▲▲▲·▲·▲▲▲▲▲▲▲▲····"··"···""""·····""···♣♣·♠▲▲···▲▲·▲▲▲▲▲▲▲▲▲▲▲♠♣♣♣
·······""········▲▲▲▲▲▲▲▲▲▲▲"···"·""·"····"···"""······♣♣♠▲·▲·▲▲·▲▲▲▲▲▲▲▲·▲▲♠···
···"···"·"""··"···▲▲▲▲▲▲▲▲▲▲··"···""···"·"···""·····"···"·♣·♠▲▲▲▲▲▲▲·▲▲▲▲▲▲▲··♣♣
··"·················▲▲▲▲▲▲···""""·"""···"······"············♣··≈♣▲▲▲▲▲▲▲··▲▲▲·♣·
······"·····"··""··································""···"·····≈≈≈≈≈≈≈·········♣♣
·""······"···"·····""··"""········"·"··""··"···"······"··"·"""≈"♣·▲▲▲▲▲▲▲▲·▲▲▲♣♣
····"········∩····∩·∩·············"···"··"""·"···"············≈···♣▲▲▲▲▲▲▲▲▲▲▲▲▲
······"····∩··∩·∩··∩····∩·"·"·""·"··"·"·""···"······"·"·····"·≈·····▲▲▲▲▲·▲▲▲▲▲▲
"········∩·∩··········∩∩····""······""·····"···"···········"··≈·"··♣·▲·▲▲▲▲▲▲▲▲▲
"·""·····∩···········∩∩∩·∩····"········""""···········≈≈≈≈≈≈≈≈≈"···♣·♣··▲▲▲▲·▲▲▲
··················∩············"······∩··"·····∩··☼≈≈≈≈·····""·····♣♣▲▲·▲▲▲▲▲▲**
·········∩··∩∩···∩·········""························"·······"··"··▲▲▲▲▲▲▲·▲▲···
·(92,·52)··grassland··river··road··Rinbelothia·(capital)··elev·57%··s··10.0·fps·
