---
source: examples/tests/snapshots.rs
expression: view
---
·02·Chunky·tiles··Board-game·counters:·beveled·8x4·tiles·aggregated·from·world··
················································································
················································································
····~·······~·······~·······~·······~·······~·······~·······~·······~·······~···
················································································
················································································
················································································
····~·······~·······~·······~·······~·······♠·······♠·······~·······~·······~···
················································································
················································································
················································································
····~·······~·······~·······~·······♣·······♣·······~·······♣·······♣···········
················································································
················································································
················································································
····~·······~·······~·······~·······♣·······~·······~π······················"☼··
············································································~···
············································································~···
················································································
····~·······~·······~·······~·······"·······"⌐··············"⌐······"·······"···
················································································
················································································
················································································
·(9,·3)··grassland··river··road··elev·53%··zoom·chunky·(8x4)··seed·11··10.0·fps·
