---
source: examples/tests/snapshots.rs
expression: view
---
·43·Bone·Lord··Iratus·parchment·dungeon·plan·over·a·four-rank·minion·bench.·····
Bone·12···Flesh·7···Ichor·3···Iron·9············································
Gold·240···Mana·60/100·██████···················································
┌·Legend·────┐·································································.
│[@]·Camp····│.··················╷╔══╗╶╴╔══╗╶╴╔══╗╷·····························
│[X]·Fight···│···················║║·X║··║·$║··║·Ω║║···········.·················
│[$]·Loot····│···················╵╚══╝╶╴╚══╝╶╴╚══╝╵·····.·······················
│[!]·Event···│····················╶╴····╶══╴·.╶══╴··╶══╴··╶══╴··················
│[Ω]·Boss····│··············..···╷╔══╗╶╴╔══╗╶╴╔══╗╶╴╔══╗╶╴╔══╗··················
│············│···················║║·!║··║·X║··║·$║··║·X║··║·!║··················
│Tap·a·room··│···················╵╚══╝╶╴╚══╝╶╴╚══╝╶╴╚══╝╶╴╚══╝········.·········
│or·a·minion·│····················╶══╴··╶══╴··╶══╴··╶══╴··╶╴···.················
│for·detail.·│·············.·····╷╔══╗╶╴╔══╗╶╴╔══╗╶╴╔══╗╶╴╔══╗··················
│············│···················║║·@║··║·X║··║·X║··║·$║··║·X║··················
│············│···················╵╚══╝╶╴╚══╝╶╴╚══╝╶╴╚══╝╶╴╚══╝··················
│············│··································································
└────────────┘··································································
┌───────┐┌───────┐┌───────┐┌───────┐║··┌───────┐┌───────┐┌───────┐┌───────┐║··┌┐
│(o..o)·││/^^^^\·││\.··./·││.-''-.·│║··│(o..o)·││/^^^^\·││\.··./·││.-''-.·│║··││
│·\==/··││|o..o|·││(o''o)·││(·><·)·│║··│·\==/··││|o..o|·││(o''o)·││(·><·)·│║··││
│Lv16···││Lv4····││Lv3····││Lv14···│║II│Lv8····││Lv14···││Lv10···││Lv13···│║II││
│██████·││█████··││█████··││████▌··│║··│█████··││█████▌·││██████·││██████·│║··││
└───────┘└───────┘└───────┘└───────┘║··└───────┘└───────┘└───────┘└───────┘║··└┘
·at·Camp·(Camp)··squad·I··tap·select/advance/swap······················10.0·fps·
