---
source: examples/tests/snapshots.rs
expression: view
---
·28·Spire·Deck··A·torch-lit·card·battle:·telegraphed·enemies,·a·fanned·hand,·ta·
················································································
········►7·························►11························►9················
········Cultist····················Ooze·······················Golem·············
············/^\·······················_____·····················▄▄▄▄▄···········
···········/···\·····················/▓▓▓▓▓\···················█·■·■·█··········
··········|·o·o·|···················|·o···o·|··················█▄▄▄▄▄█··········
··········|··v··|····················\▓▓▓▓▓/··················█▌·····▐█·········
···········\___/······················-----···················█·······█·········
········███·48/48··················███·38/38··················███·62/62·········
················································································
···············┌───────┐·┌───────┐·┌───────┐·┌───────┐·┌───────┐················
···············│1·Strik│·│1·Cleav│·│1·Defen│·│1·Iron·│·│2·Bash·│················
···············│Deal·6·│·│Deal·4·│·│Gain·5·│·│Deal·5.│·│Deal·10│················
···············│damage.│·│dmg·to·│·│block.·│·│Gain·5·│·│damage.│················
···············└───────┘·└───────┘·└───────┘·└───────┘·└───────┘················
HP·68/68·····███····Draw··························Discard·······╔══════════════╗
████████████···█····5·····························0·············║··············║
BLOCK·0······███················································║··············║
···············█················································║···END·TURN···║
·············███················································║··············║
·············/3·················································║··············║
································································╚══════════════╝
·turn·1··hp·68/68··block·0··energy·3/3··hand·5··draw·5··discard·0······10.0·fps·
