---
source: examples/tests/snapshots.rs
expression: view
---
·41·Riven·Route··Vagrus·caravan:·weighted·node·graph,·route·cost·preview,·suppl·
┌·Crew·──────────────────────────────────────────────┐┌·Calendar·───────·Y1247·┐
│Fervent:·19·········································││························│
│Subservient:·4······································││························│
│Invigorated:·0······································││························│
│Sustained:·1········································││························│
│Supplies·30/30······································││·········Sunday·········│
│Water·34/34·········································││··········Day·1········☼│
│Days·of·food·30··Money·140··························││········Emberwane·······│
│····················································││························│
│····················································││························│
└────────────────────────────────────────────────────┘└────────────────────────┘
╔·The·Riven·Web·═══════════════════════════════════════════════════════════════╗
║···········─/···.···········\···.···.····.···─/○○○──\············/·*····4─/··/║
║······.···/···.·············.\·······'··'··─/····│···──\········│·····─/·*··/·║
║·······○○○····················─\···'·'··─3/···'··│······5──\····│···─/··*··/··║
║····.·○·☼·○··········.··········\·····─/·········\··········──\○○○─/······/···║
║·······○○○············.··········○○○─/············│···········○──/○······/····║
║·K·E·L·M·O·U·T·H·······.········○.─\○·············4'·········─/○○○······/·····║
╚══════════════════════════════════════════════════════════════════════════════╝
┌·Discovery·Log·─────────────────────────────────────────┐┌────────────────────┐
│Tap·a·node·to·preview·a·route,·tap·Depart·to·commit.····││······NO·ROUTE······│
└────────────────────────────────────────────────────────┘└────────────────────┘
·at·Kelmouth··plan·0·legs··at·rest··tap·node·extend·route··············10.0·fps·
