---
source: examples/tests/snapshots.rs
expression: view
---
·Open·Terms··Crusader·Kings:·an·opinion·total·itemised·into·signed,·actionable··
┌·Court·───────────────────────────────────────────────────────────────────────┐
│►·Aldric·of·Vasgard·Displeased·-14············································│
│··Seraphine·Kestrel·Cordial·+13···············································│
│··Boru·mac·Cathal·Furious·-41·················································│
│··Ysolt·Draven·Indifferent·+1·················································│
│··Konrad·Hollis·Loyal·+40·····················································│
└──────────────────────────────────────────────────────────────────────────────┘
╔·Opinion·--·Aldric·of·Vasgard·════════════════════════════════════════════════╗
║░░░░░░░░░░░░░░░░░░░░░░░░░░░░░░░░░▲░░░░░░░░░░░░░░░░░░░░░░░░░░░░░░░░░░░░░░░░░░░░║
║·+15··Same·faith······························································║
║·+10··Recent·gift·······················································(20t)·║
║·-39··+4·more·································································║
║──────────────────────────────────────────────────────────────────────────────║
║·-14··Total:·Displeased·······················································║
╚══════════════════════════════════════════════════════════════════════════════╝
┌·Negotiations·────────────────────────────────────────────────────────────────┐
│Aldric·of·Vasgard:·Displeased·(-14).··········································│
└──────────────────────────────────────────────────────────────────────────────┘
┌·Actions·─────────────────────────────────────────────────────────────────────┐
│·Send·Gift·[G]···························Betrothal·[B]························│
│·Press·Claim·[C]·························Offer·Truce·[T]······················│
└──────────────────────────────────────────────────────────────────────────────┘
·gold·150··prestige·100··turn·0··Tab/[·]·switch·character··············10.0·fps·
