---
source: examples/tests/snapshots.rs
expression: view
---
·10·Political··Province·ownership·as·a·translucent·wash·with·declining·borders.·
····♣·♣♣♣♣♣♣♣···≈≈≈≈·······,♣♣·♣♣··♣♣♣♣♣♣♣♣♣♣·♣♣····"········∩∩·······∩·∩····∩··
♣········♣♣♣···⌐≈≈≈·········♣♣··♣·♣♣·♣♣♣♣♣♣♣♣···"················∩∩·········∩···
♣♣···≈≈·········≈≈≈········,♣♣♣·♣♣♣♣♣♣·♣♣·♣♣·"·"·········∩·∩···············∩····
·♣··≈≈≈········≈≈≈··········♣♣♣♣♣♣·♣♣·♣♣♣♣♣♣♣······"···"······∩·∩∩∩·············
♣♣·≈≈≈········≈≈≈········≈··♣·♣♣♣♣♣♣♣♣♣··♣♣♣♣♣·····""·"······∩·····∩··∩··∩·∩····
♣♣·≈≈········≈≈≈≈········≈,·♣·♣♣♣♣♣♣♣♣♣♣♣♣♣··♣"···"······""·····∩∩··············
·♣··≈········≈≈≈········≈···♣♣♣·♣♣♣♣·♣♣♣♣♣♣♣♣♣"····"···········∩∩∩··············
············≈≈≈≈········≈·♣·♣♣♣♣·♣·♣♣·♣···"·······"······"···"·"······"·"··"····
············≈≈≈········≈·,♣·♣♣♣♣♣♣♣♣♣··"·"""··"·"·"··"·····"······"·"·""······"·
≈≈≈········≈≈≈≈··········§§·♣·♣♣·♣♣"·"·····"····"·"······"···"······"·······"··"
≈≈≈········≈≈≈············§·♣♣··♣"···"··"""·········"·"····"·""····"·"······"···
≈≈········≈≈≈·········§§§§§·♣♣"""······"·······"·""·"·"···"·········"·"·····"···
≈········≈≈≈≈·······§§§§§§§·§♣"·····"···"····"·"·"········"·····"""""··""···"··"
·········≈≈≈······§§§§··"······"················"······"·≈······"········"····"·
········≈≈≈≈·····§§§········"···""·""···"·······"········≈"···"···""············
········≈≈≈·····§§§·"··""······"··"···"··"·"""·"·"··""···≈·····"···"····"·······
§§§····≈≈≈≈····§··"···"··""··"···"·""··"············"····≈············"""····"··
"§·§§··≈≈≈····§"·"··"·"·""···"······"·"·"···"·"·······"··≈····"·"··"··"··"······
"··"·§"·····§"······""·········"···········"····"··"····"≈·"··"···""··"··"··"···
·····"""""····"········""""·······"···"·······""···"····"≈"····"············"···
··"···"········"······"···························☼·Xanvorhalhaven···········""·
·""·"······""·········"··············"·······"··"·≈""····≈·""·····"··"·"··""··"·
·(108,·52)··province·0··capital:·Xanvorhalhaven··area:·1464·cells··vi··10.0·fps·
