---
source: examples/tests/snapshots.rs
assertion_line: 103
expression: view
---
·15·Minimal··Flat·color·fields·with·crisp·borders;·no·glyph·detail·at·all.······
················································································
················································································
················································································
················································································
················································································
················································································
················································································
················································································
················································································
················································································
················································································
················································································
················································································
················································································
················································································
················································································
················································································
················································································
················································································
················································································
················································································
················································································
·(74,·56)··grassland··mode:·biome·fill··seed·3··WASD/arrows·pan········10.0·fps·
