---
source: examples/tests/snapshots.rs
expression: view
---
·42·Paper·Dungeon··Book·of·Demons·on-rails·path·with·card·slots·and·pip-filled··
┌·Gold·────────┐┌────────────────────────────────────────────────────┐┌────────┐
│4308··········││Skeleton·Guard······································││00:00···│
│··············││+40·gold··················-2·hp/s···················││········│
└──────────────┘└────────────────────────────────────────────────────┘└────────┘
······················································.·············.···········
···············································.·············.·············.····
········································.·············.·············.···────────
···············································.·············.···────────██████─
······················································.♥♥♥───────███████───────♥
········································☺───·······───────███████───────███████─
········································⌂███───────█████M█───────░░░░░░░───────█
········································────███████──────█░░░░░░░░·······░░░░░░─
·········································█░░────────░░░░░░░·····················
·············································░░░░░░░░···························
················································································
················································································
╔·HP·══════╗┌[1]──────┐┌[2]───2mp┐┌[3]──────┐┌[4]──────┐┌[5]──────┐·╔·MP·══════╗
║♥♥♥♥♥♥♥♥♥♥║│+········││/········││!········││O········││^········│░║♦♦♦♦♦♦♦♦♦♦║
║♥♥♥♥♥♥♥♥··║│Remedy···││Mighty·Bl││Health·Po││Shield···││Boots····│░║♦♦♦♦······║
║··········║│x3·······││unlimited││x8·······││x4·······││x5·······│░║··········║
║18/18·····║│·········││·········││·········││·········││·········│░║14/14·····║
╚══════════╝└─────────┘└─────────┘└─────────┘└─────────┘└─────────┘░╚══════════╝
·hp·18/18··mana·14/14··tap·node·travel·there···························10.0·fps·
