---
source: examples/tests/snapshots.rs
expression: view
---
·24·Torchlit·Crypt··Colored·dynamic·lighting,·and·why·it·isn't·the·same·as·fiel·
·················##############################################·················
·················#............................................#·················
·················#.......+....................................#·················
·················#...|`,.|,`,|................................#·················
·················#..-+---+---+-...............................#·················
·················#..,|`%,|.`.|`...............................#·················
·················#---+---+---+.--.............................#·················
·················#`,,|.,,|,..#`..|.................#..........#·················
·················#---+---+---+---+............................#·················
·················=`.`|%.`|`".|`..|............................#·················
·················#---+---+---+---+............................#·················
·················#`..|.,.@...|.."|`...........................#·················
·················=---+---+---+---+............................#·················
·················#%..|,``|```|..%|............................#·················
·················#---+---+---+---+............................#·················
·················=...|.`,|..,#..,|.................#..........#·················
·················#---+---+---+.--.............................#·················
·················#.,,|,..|.,.|`...............................#·················
·················#..-+---+---+-.........................HP....#········MP·······
·································································▄▄▄▄▄▄▄▄▄▄▄▄▄▄·
··················································▄▄▄▄▄▄▄▄▄▄▄▄▄▄·██████████████·
··················································██████████████·██████████████·
·mode:·combined·(visible·AND·lit)··tone:·reinhard·(mixes)··glyph·ramp··10.0·fps·
