---
source: examples/tests/snapshots.rs
assertion_line: 100
expression: view
---
·12·Relief··Hillshaded·elevation·cartography·with·contour·lines·and·dithering.··
················································································
········································································*·······
··········································································+·····
················································································
················································································
················································································
················································································
················································································
················································································
················································································
················································································
················································································
················································································
················································································
················································································
················································································
················································································
················································································
················································································
················································································
················································································
················································································
·(94,·54)··elev·64%··slope·25deg··sun·315deg··mode:·tint·+·hillshade···10.0·fps·
