---
source: examples/tests/snapshots.rs
expression: view
---
·63·Grift·Parley··Griftlands:·a·negotiation·board·of·linked·argument·entities,··
·······················┌·Witness·──┐············································
·······················│HP·6/6·····│┐┌·Their·Case·─────┐························
·······················└───────────┘││HP·22/22·········│························
····································├│Comp·4···········│························
·······················┌·Bribe·────┐│└─────────────────┘························
·······················│HP·7/7·····│┘···········································
·······················└───────────┘············································
·······················┌·Hearsay·──┐·┌·Your·Case·──────┐························
·······················│HP·8/8·····│·│HP·22/22·········│························
·······················│-··········│┐│Comp·4···········│························
·······················│···········│└│·················│························
·······················└───────────┘·│·················│························
·····································└─────────────────┘························
················································································
The·other·side·makes·their·opening·argument.····································
Tap·or·Left/Right·+·Enter·to·pick·a·card.·M·swaps·Battle/Negotiate.·············
··········╔═════════╗·┌─────────┐·┌─────────┐·┌─────────┐·┌─────────┐···········
··········║1·Sharp·R║·│2·Undermi│·│2·Low·Blo│·│1·Rally·P│·│1·Compose│···········
··········║Deal·4·to║·│Deal·6.··│·│Deal·5.··│·│Play·····│·│Gain·4···│···········
··········║Resolve.·║·│Ignore···│·│If·it····│·│Leverage:│·│Composure│···········
··········║·········║·│Composure│·│falls,···│·│6·HP,····│·│·········│···········
··········╚═════════╝·└─────────┘·└─────────┘·└─────────┘·└─────────┘···········
·negotiate··turn·1··wit·3/3··next·tick·6s··1-5/tap·play·a·card·········10.0·fps·
