---
source: examples/tests/snapshots.rs
expression: view
---
·60·Tyrant·Age··Achra's·stat·sheet:·wrapped·multi-span·rich·text,·one·color·per·
································╡··TYRANT·AGE·╞·································
·Year·3001,·Age·of·Flowers·························Turn·0···9·enemies·remain...·
╔·Battlefield·═════════════════════════════════════╗┌·Character·─────────·Wohl·┐
║·················┌─·─┐·.···s.········b·····.······║│Life·720/720··Attack·548+1│
║·················│·c·│····························║│Dodge·0%······Armor·10····│
║·················└─·─┘····························║│··························│
║······················m·········r·········v·······║│Resists··Ice,·Astral······│
║··················································║│Weakness·Psychic,·Death···│
║··················································║│··························│
║·······┌─·─┐······································║│╡·Abilities··─────────────│
║·······│·@·│······································║│Wohl:·on·battle-turn,·····│
║·······└─·─┘······································║│heal·a·random·earth-born··│
║·················i·····.···g·········l············║│ally·for·50···10·uses·····│
║··················································║│··························│
║··················································║│Bladestone·Coin:·on·being·│
║····························.····.····.···········║│damaged,·repeat·x5:·deal··│
║··················································║│(Armor)·Slash·damage·to·a·│
║··················································║│random·enemy···2·uses·····│
║··················································║│··························│
╚══════════════════════════════════════════════════╝└──────────────────────────┘
················································································
·The·battle·begins.·····························································
·targeting·Cinder·Whelp··turn·0··Left/Right·cycle·target···············10.0·fps·
