---
source: examples/tests/snapshots.rs
expression: view
---
·07·Hex·tiles··Strategic·hexes·in·both·orientations,·via·hexal's·axial·coordina·
··~·······§⌐······§·······§·······~··.·.··§··.·.··§·······"·······"·······"·····
···········.·············································.·.····················
······§·······§·······§·······§·······§·······§··········.·.··§·······"·······"·
·····.·.·····················································.·················.
··§··.·.··"·······"·······"·······"·······"·······~·······~·······"·······"·····
···.············································································
······"·······"·······"·······"·······"·······"·······~·······~⌐·.·.··"··.·.··"·
·····.··········································································
··"·······"·······"·······"·······"·······"···············"·······"·······"·····
················································································
·.·.··"·······"·······"·······"···············"·······"·······"·······"·······"·
················································································
··"·······"·······"·······"·······"·······"·······"·······∩·······"·······"·····
················································································
······"·······"π······"·······"·······"·······"·······"·······"·······"·······"·
················································································
··"·······"·······§·······"·······"·······"·······"·······"·······"·······"·····
················································································
······"·······"·······"·······"·······"·······"·······"·······"·······"·······"·
················································································
··"·······"·······"·······"·······§·······§·······♣·······"·······"·······"·····
················································································
·axial·(q0,·r26)··offset·(13,·26)··forest··range·3··pointy-top·(odd-r··10.0·fps·
