---
source: examples/tests/snapshots.rs
expression: view
---
·65·Domesday·shire··An·isometric·manor·beside·a·minimap·with·a·viewport·rectang·
·····§·······§·······♣·······§·······§·······§····╔·England·═══════════════════╗
·§·······§·······§·······,·······§·······§·······§║▒▒▒▒▒▒▒▒▒▒▒▒▒▒▒▒▒▒▒▒▒▒▒▒▒▒▒▒║
·····§·······§·······♣·······§·······§·······§····║▒▒▒▒▒▒▒▒·▒▒▒·▒▒▒▒▒▒▒▒▒▒▒▒▒▒▒║
·§·······§·······§·······♣·······§·······§·······§║▒▒▒▒▒▒▒▒▒▒▒▒▒▒▒·▒▒▒▒▒▒▒·▒▒▒▒║
·····§·······§·······§·······♣·······§·······§····║▒▒▒·▒▒▒▒▒▒▒▒▒▒▒▒▒▒▒·▒▒▒▒▒▒▒▒║
·♣·······§·······§·······♣·······,·······§·······§║▒▒▒▒▒▒▒▒▒▒▒▒▒▒▒▒▒▒▒▒▒▒▒▒▒▒▒▒║
·····♣·······♣·······♣·······♣·······,·······§····║▒▒▒▒▒▒▒▒▒▒▒·▒▒▒▒▒▒▒▒▒▒▒▒▒▒▒▒║
·♣·······♣·······♣·······♣·······♣·······♣·······§║▒▒▒▒▒▒▒▒▒▒▒▒▒▒▒▒▒▒▒▒▒▒▒▒▒▒▒▒║
·····♣·······♣·······♣·······♣·······♣·······♣····║▒▒▒▒▒▒▒████▒▒▒▒▒▒▒▒▒▒·▒▒▒▒▒▒║
·♣·······♣·······♣·······♣·······♣·······♣·······§║▒▒▒▒▒▒▒█▒▒█▒·▒▒▒▒▒▒▒▒▒▒▒▒▒▒▒║
·····♣·······≈·······♣·······♣·······♣·······♣····║▒▒▒▒▒▒▒█·▒█▒▒▒▒▒▒▒▒▒▒▒▒▒▒▒▒▒║
·♣·······≈·······≈·······☼·······§·······§·······§║▒▒▒▒▒▒▒████▒▒▒▒▒▒▒▒▒▒▒▒▒▒▒▒▒║
·····≈·······♣·······≈·······≈·······§·······♣····║▒▒▒▒·▒▒▒▒▒▒▒▒▒▒▒▒▒▒▒▒▒▒▒▒▒▒▒║
·≈·······♣·······≈·······♣·······♣·······♣·······♣║▒▒▒▒▒▒▒▒▒▒▒▒▒▒▒▒▒▒▒▒▒▒▒▒▒▒▒▒║
·····♣·······≈·······♣·······♣·······♣·······♣····║▒▒▒▒▒▒▒▒▒▒▒▒▒▒▒▒▒·▒▒▒▒▒▒▒▒▒▒║
·♣·······≈·······♣·······♣·······♣·······♣·······≈║▒▒▒▒▒▒▒▒▒▒▒▒▒·▒▒▒▒▒▒▒▒▒▒▒▒▒▒║
·····≈·······♣·······♣·······♣·······♣·······≈····║▒▒▒▒▒▒·▒▒▒▒▒▒▒▒▒▒▒▒▒▒▒▒▒▒▒▒▒║
·♣·······♣·······♣·······♣·······♣·······≈·······♣║▒▒▒▒▒▒▒▒▒▒▒·▒▒▒▒▒▒▒▒▒▒▒▒▒▒▒▒║
·····♣·······♣·······♣·······♣·······≈·······♣····║▒▒▒▒▒▒▒▒▒▒▒▒▒▒▒▒▒▒▒▒▒▒▒▒▒▒▒▒║
·▲·······♣·······♣·······♣·······≈·······♣·······♣║▒▒▒▒▒▒▒▒▒▒▒▒▒▒▒▒▒▒▒▒▒▒▒▒▒▒▒▒║
·····▲·······▲·······♣·······≈·······♣·······♣····║▒▒▒▒▒▒▒▒▒▒▒▒▒▒▒▒▒▒▒▒▒▒▒▒▒▒▒▒║
·▲·······▲·······▲·······≈·······♣·······♣·······♣╚════════════════════════════╝
·Dornjorhaven··651·land·cells··wealth·484··census·2604··1X·time··seed··10.0·fps·
