---
source: examples/tests/snapshots.rs
assertion_line: 179
expression: view
---
·49·Planet·Fall··Isometric·elevation,·faction·borders,·and·a·three-way·budget·s·
····█·····§·······················█·····▲···········▲···········"···········∩···
·█·····█····················§········█··········································
··········█·····§·················▲·····█·····▲···········"···········"·········
·············█········§··············█··········································
················█·················█·····♣···········"···········"···············
··········█··█··············§·····█··█······················Glass·Terrace···∩···
·······█········§·······North·Furrow·█··█·················☻·····················
·█········§···········☼···········§·····█·····"·······················"·········
·····································█··········································
····§···········§···········§·····█·····§···········"···········"···········"···
·····································█··········································
······················§···········§·····█·····"···········"···········"·········
··········§··························█··········································
················§···········§·····█·····§···········"···········"···········"···
┌·Mission·─────────·2100·┐·╔·Budget·════════════════╗·┌·Status·────────────────┐
│Research:·Industrial·Eco│·║Econ··30%·████··········║·│Iron·Concord·(Marshal·Do│
│························│·║->·Energy·+10/turn······║·│Integrity:·Noble········│
│13·turns·to·completion,·│·║Labs··45%·██████▌·······║·│Might:·Feeble···········│
│························│·║->·19·bulbs/turn,·13·tur║·│Council·Votes:·1········│
│Queue:··················│·║Psych··25%·███▌·········║·│························│
│··1.·Applied·Genetics···│·║Energy·+10··Bulbs·19··Un║·│Relations:··············│
└────────────────────────┘·╚════════════════════════╝·└────────────────────────┘
·seed·2117··E30/L45/P25··Iron·Concord··Tab·focus·slider················10.0·fps·
