---
source: examples/tests/snapshots.rs
assertion_line: 181
expression: view
---
·Star·Console··Star·Wars·Rebellion:·a·draggable,·closable,·z-stacking·window·ma·
·Fleets·1···················Sectors·1··················Support·53%··············
············Sector·Alpha················_··X···.··.···················S·········
·█████████·║································║····················.··············
···········║································║···.·+·············.···············
·█████████·║·►·Palanhi·····················_··X···+·+··········.······S·········
···········║··║································║.··+·.·············.············
·█████████·║··║································║·Sector·Beta····················
···········║··║·►·Fleet·4·····················_··X·······.············S·········
·█████████·║·►║··║································║···········.·················
···········║··╚══║································║·.··········.················
·█████████·║·····║·►·Star·Destroyer·1·············║···················☼·········
···········║·····║································║·····························
·█████████·║·►·Ob║································║····.···········.············
···········║·····║································║·.·····.···.·······♠·········
···········╚═════║·►·Carrack·Light·Cruiser·2······║·······.·····················
····O············║································║····.························
···/|\···········╚════════════════════════════════╝········.····················
···/·\······.·········.··.···············.···················.··················
················································································
·☼················♪···············Ω···············♠···············♣·············
················································································
················································································
·windows·3··top:·Fleet·4··drag·titlebar·move·window····················10.0·fps·
