---
source: examples/tests/snapshots.rs
assertion_line: 111
expression: view
---
·17·Tileset·sprites··A·PNG·sprite·sheet·in·the·same·grid,·with·an·ASCII·fallbac·
~·~·~·~·~·~·~·~·~·~·~·~·~·~·~·~·····♣·♣·♣·♣·♣·♣·♣·♣·♠·♠·♠·♠·♠·♠·♠·♠·▲·▲·▲·▲·▲·♠·
~·~·~·~·~·~·~·~·~·~·~·~·~·~·~·~···♣·♣·♣·♣·♣·♣·♣·♣·♣·♣·♣·♠·♠·♠·♠·♠·♠·▲·▲·▲·▲·▲·♠·
~·~·~·~·~·~·~·~·~·~·~·~·~·~·~·~·⌐·♣·♣·♣·♣·♣·♣·♣·♣·♣·♣·♣·♣·♣·♠·♠·♠·♠·▲·▲·▲·▲·▲·♠·
~·~·~·~·~·~·~·~·~·~·~·~·~·~·~·~·♣·♣·♣·♣·♣·♣·♣·♣·♣·♣·♣·♣·♣·♣·♣·♠·♠·♠·▲·▲·▲·▲·▲·♠·
~·~·~·~·~·~·~·~·~·~·~·~·~·~·~···♣·♣·♣·♣·♣·♣·"·"·"·"·♣·♣·♣·♣·♣·♠·♠·"·"·▲·▲·▲·▲·▲·
~·~·~·~·~·~·~·~·~·~·~·~·~·~···♣·♣·♣·♣·♣·♣·"·"·"·"·"·"·♣·♣·♣·♣·♣·♣·"·"·▲·▲·▲·♠·♠·
~·~·~·~·~·~·~·~·~·~·~·~·~···§·§·§·♣·♣·♣·♣·"·"·"·"·"·"·"·♣·♣·♣·♣·"·"·"·▲·▲·♠·♠·♠·
~·~·~·~·~·~·~·~·~·~·~·~·~···§·§·§·§·§·§·§·"·"·"·"·"·"·"·"·"·"·"·"·"·♣·▲·▲·♠·♣·♣·
~·~·~·~·~·~·~·~·~·~·~·~·~···§·§·§·§·§·§···"·"·"·"·"·"·"·"·"·"·"·"·♣·♣·▲·♣·♣·♣·≈·
~·~·~·~·~·~·~·~·~·~·~·~···§·§·§·§·§·"···≈···"·"·"·"·"·"·"·"·"·"·"·♣·♣·♣·♣·♣·♣·♣·
~·~·~·~·~·~·~·~·~·~·~·~···§·§·§·"·"·"·····"·"·"·"·"·"·"·"·"·"·"·"·♣·♣·♣·♣·♣·♣·♣·
~·~·~·~·~·~·~·~·~·~·~·~···§·"·"·"·"·"·"·"·"·"·"·"·"·"·"·"·"·"·"·"·♣·♣·♣·♣·♣·♣·♣·
~·~·~·~·~·~·~·~·~·~·~·~·§·"·"·"·"·"·"·"·"·"·"·"·"·"·"·"·"·"·"·"·"·♣·♣·♣·♣·♣·♣·▲·
~·~·~·~·~·~·~·~·~·~·~···"·"·"·"·"·"·"·"·"·"·"·"·"·"·"·"·"·"·"·"·"·♣·♣·♣·♣·♣·▲·▲·
~·~·~·~·~·~·~·~·~·~·~···"·"·"·"·"·"·"·"·"·"·"·"·"·"·"·"·"·"·"·"·"·♣·♣·♣·♣·♣·▲·▲·
~·~·~·~·~·~·~·~·~·~·~···"·"·"·"·"·"·"·"·"·"·"·"·"·"·"·"·"·"·"·"·"·♣·♣·♣·♣·♣·▲·▲·
~·~·~·~·~·~·~·~·~·~·~·~·"·"·"·"·"·"·"·"·"·"·"·"·"·"·"·"·"·"·"·"·♣·♣·♣·≈·♣·♣·♣·▲·
~·~·~·~·~·~·~·~·~·~·~·~···"·"·"·"·"·"·"·"·"·"·"·"·"·"·"·"·"·"·"·♣·♣·♣·♣·♣·♣·♣·▲·
~·~·~·~·~·~·~·~·~·~·~·~···"·"·"·"·"·∩·∩·"·"·"·"·"·"·"·"·"·"·"·♣·♣·♣·♣·♣·♣·♣·♣·▲·
~·~·~·~·~·~·~·~·~·~·~·~·~·"·"·"·"·∩·∩·"·∩·"·"·"·"·"·"·"·"·"·♣·♣·♣·♣·♣·♣·♣·♣·▲·▲·
~·~·~·~·~·~·~·~·~·~·~·~·~·"·"·"·"·∩·"·∩·"·"·"·"·≈·★·"·"·"·♣·♣·♣·♣·♣·♣·♣·▲·▲·▲·▲·
~·~·~·~·~·~·~·~·~·~·~·~·~···"·"·"·"·∩·"·"·"·"·"·"·"·"·"·"·♣·♣·♣·♣·▲·▲·▲·▲·▲·▲·▲·
·(33,·46)··savanna··grass·sprite··mode·ascii··(no·tileset·on·this·bac··10.0·fps·
