---
source: examples/tests/snapshots.rs
expression: view
---
·64·Edict·scales··Tyranny's·opposed·standing·meters·and·a·compositional·spell·b·
╔·Edict·Scales·══════════════════════════════════════════════════════·Standing·╗
║·Standing···Spellcraft························································║
║──────────────────────────────────────────────────────────────────────────────║
║Verse·companion·······························································║
║···Fear··62···········████████████████│███████████████████·········71··Loyalty║
║··············································································║
║Barik·companion·······························································║
║···Fear··18······················▐████│██████████████████████▌·····84··Loyalty║
║··············································································║
║Lantry·companion······························································║
║···Fear··74········███████████████████│██████······················22··Loyalty║
║··············································································║
║The·Disfavored·faction························································║
║··Wrath··40················▐██████████│███████████·················40··Favor··║
║··············································································║
║The·Scarlet·Chorus·faction····················································║
║··Wrath··66··········█████████████████│████████····················30··Favor··║
║··············································································║
║··············································································║
║··············································································║
║··············································································║
╚══════════════════════════════════════════════════════════════════════════════╝
·Verse··Fear·62··Loyalty·71··next·edict·in·2.9s··M·merciful··H·harsh···10.0·fps·
