---
source: examples/tests/snapshots.rs
expression: view
---
·61·Light·Years··Frontier:·Elite·II·--·a·projected·3D·star·volume·with·Z-stalks·
┌·SHORT·RANGE·CHART·───────────────────────────────────────┐┌·SYSTEM·──────────┐
│·····················│············│─·─·····│··············││Name····Leesti····│
│··············∙······│············│─·─·····∙··Isinor······││Class···K·········│
│··············│·····─·─··············Soleddor····─·─······││Color···orange····│
│········Zaonce│···································│·······││X·······-1.43·ly··│
│············∙─·─··········☼·······─·─·*···········∙··Arden││Y·······-8.21·ly··│
│··········─·│··········─·─│········│··│·················│·││Z·······-0.29·ly··│
│···········─·─··········☼··Isis····│··│···········─·─··─·─││Dist.···8.34·ly···│
│···········│·····─·─·····─·─·∙·─···*··Diso····─·─··│······││··················│
│···········∙··Meso│··········|·················*···│······││··················│
│··················│································*··Orer││··················│
│··················│─·─··········(∙)·Leesti················││··················│
│··················☼··Enge···················─·─···········││··················│
│····················│························│············││··················│
│·········─·─···········Xeer··················│············││··················│
│··········☼··Andiceb·························│············││··················│
└──────────────────────────────────────────────────────────┘└──────────────────┘
00:00:58·1-Jan-3200·····►·>>>······································Galactic·Map·
Leesti··Dist.·8.34·light·years··················································
Type·'K'·orange·star····························································
High·technology,·agricultural·exports·to·nearby·systems.························
[1]·[2]·[3]·[4]·[5]·[6]·[7]·[8]·[9]·[10]········································
·Leesti··seed·7··az·29·deg··el·32·deg··short·range·····················10.0·fps·
