---
source: examples/tests/snapshots.rs
assertion_line: 104
expression: view
---
·16·Sub-cell·canvas··The·character·grid·as·a·pixel·canvas:·half-block,·quadrant·
⢝⢕⢝⢕⢕⢕⠕⢕⠕⢅⠕⠅⠕⠅⠅⠅⠁⠀⠀⠀⠀⠀⠀⠀⠀⠀⠀⠀⠁⠅⠕⢕⢝⢕⢝⢕⠕⢕⠕⢕⠕⢕⢕⢕⠕⢕⠕⢅⠕⢅⠕⢅⠅⠄⠁⠄⠁⠄⠁⠀⠀⠀⠀⠀⠀⠄⠕⢅⢕⢕⢝⢽⢽⢽⢿⣽⢿⢽⢿⢽
⠕⢕⢝⢕⠕⢕⠕⢕⠕⢅⠕⢅⠕⠅⠅⠅⠁⠀⠀⠀⠀⠀⠀⠀⠀⠀⠀⠀⠁⠅⠕⢕⠕⢕⠕⢕⠕⠅⠕⢕⠕⢕⠕⢕⠕⢅⠕⠅⠕⠅⠕⠅⠅⠄⠁⠀⠁⠀⠁⠀⠀⠀⠀⠀⠀⠄⠕⢅⢕⢵⢝⢽⢽⢽⢿⣽⢿⣽⢿⢽
⠕⢕⢝⢕⠕⢕⠕⢕⠕⢅⠕⢅⠕⠅⠅⠅⠁⠀⠀⠀⠀⠀⠀⠀⠀⠀⠀⠀⠁⠅⠕⠅⠕⢕⠕⠅⠕⠅⠕⢕⠕⢅⠕⢕⠕⢅⠕⠅⠅⠅⠅⠅⠅⠅⠁⠀⠀⠀⠀⠀⠁⠀⠀⠀⠀⠄⠕⢕⢕⢕⢝⢽⢽⢽⢿⣽⢿⢽⢿⢽
⠕⢕⢝⢕⠕⢕⠕⢕⠕⢕⠕⢅⠕⠅⠅⠅⠁⠀⠀⠀⠀⠀⠀⠀⠀⠀⠀⠄⠁⠅⠕⠅⠕⠅⠕⠅⠕⢅⠕⢅⠕⠅⠕⠅⠕⠅⠕⠅⠅⠅⠅⠅⠁⠅⠁⠀⠀⠀⠀⠀⠀⠀⠁⠄⠁⠅⠕⢕⢕⢕⢝⢽⢽⢽⢿⣿⢿⢽⢽⢽
⠕⢅⢕⢕⠕⢅⠕⢅⠕⢕⠕⢅⠕⠅⠅⠅⠁⠀⠀⠀⠀⠀⠀⠀⠀⠀⠁⠄⠅⠅⠕⠅⠕⠅⠕⠅⠕⠅⠕⠅⠕⠅⠕⠅⠕⠅⠅⠅⠅⠅⠁⠅⠁⠀⠁⠄⠀⠀⠁⠀⠀⠀⠁⠅⠅⢅⢕⢕⢝⢵⢝⢽⢽⢽⢿⣽⢿⣽⢿⢽
⠕⢅⠕⢕⠕⢅⠕⢅⠕⢕⠕⢅⠕⠅⠅⠅⠁⠀⠀⠀⠀⠀⠀⠀⠀⠀⠁⠅⠅⠅⠅⠅⠕⠅⠕⠅⠕⠅⠕⠅⠅⠅⠕⠅⠕⠅⠅⠅⠁⠅⠁⠄⠁⠄⠁⠄⠁⠄⠁⠄⠁⠄⠁⠅⠕⢕⢕⢕⢝⢽⢽⢽⢽⢽⢿⢽⢿⣽⢿⢽
⠕⢕⠕⢕⠕⢅⠕⢅⠕⢕⠕⢕⠕⠅⠅⠄⠁⠀⠀⠀⠀⠀⠁⠄⠁⠄⠁⠅⠅⠅⠅⠅⠕⠅⠅⠅⠕⠅⠕⠅⠁⠅⠅⠅⠅⠅⠁⠅⠁⠅⠁⠄⠁⠄⠁⠀⠁⠄⠁⠄⠁⠄⠕⢅⠕⢅⢝⢵⢝⢽⢝⢽⢽⢽⢿⢽⢿⣽⢿⢽
⠕⢕⠕⢕⠕⢕⠕⢅⠕⢕⠕⢕⠕⠅⠅⠄⠁⠀⠀⠀⠀⠀⠁⠅⠁⠅⠅⠅⠕⠅⠅⠅⠕⠅⠅⠅⠕⢅⠕⠅⠁⠅⠁⠅⠅⠅⠁⠄⠁⠅⠁⠀⠁⠄⠁⠀⠁⠄⠁⠄⠁⠅⠅⠅⠕⢕⢝⢵⢝⢽⢝⢽⢽⢽⢽⢽⢿⣽⢿⣽
⠕⢕⠕⢕⠕⢕⠕⢕⢕⢕⠕⢕⠕⢅⠅⠅⠁⠄⠁⠄⠁⠀⠁⠅⠁⠅⠅⠅⠕⢅⠕⠅⠕⠅⠅⠅⠕⢅⠕⠅⠁⠄⠁⠅⠁⠄⠁⠄⠁⠄⠁⠀⠁⠀⠁⠀⠁⠄⠁⠅⠅⠅⠁⠅⠕⢕⢝⢕⢝⢵⢝⢽⢽⢽⢽⢽⢿⢽⢿⣽
⠕⢅⠕⢕⠕⢕⠕⢕⢕⢕⢕⢕⠕⢅⠅⠅⠁⠅⠅⠄⠁⠄⠁⠅⠅⠅⠕⢅⠕⢅⠕⢅⠕⢅⠅⢅⠕⢅⠕⢅⠅⠄⠁⠅⠁⠀⠁⠄⠁⠀⠁⠀⠁⠀⠁⠄⠁⠀⠁⠅⠅⠅⠅⠅⠁⠅⠕⢕⢝⢵⢝⢽⢽⢽⢽⢽⢽⢽⢿⢽
⠅⠅⠕⢕⠕⢕⠕⢕⢕⢕⢕⢕⠕⢅⠕⠅⠁⠅⠕⠅⠁⠅⠁⠅⠅⠅⠕⢅⠕⢅⠕⢅⠕⢅⠕⢅⠕⢕⠕⢅⠅⠅⠁⠅⠁⠀⠁⠀⠁⠀⠁⠀⠁⠀⠁⠄⠁⠀⠁⠅⠕⠅⠅⠅⠁⠅⠕⢕⢝⢵⢝⢽⢽⢽⢽⢽⢽⢽⢿⢽
⠅⠅⠕⢅⠕⢕⠕⢕⠕⢕⢕⢅⠕⠅⠕⠅⠅⠅⠅⠅⠅⠅⠁⠅⠅⠅⠕⢅⠕⢕⠕⢕⢕⢕⢕⢕⢕⢕⠕⢅⠕⠅⠁⠅⠁⠀⠀⠀⠁⠀⠁⠀⠁⠀⠁⠀⠁⠀⠁⠅⠕⠅⠁⠅⠁⠅⠕⢕⠕⢕⢝⢽⢽⢽⢽⢽⢽⢽⢝⢽
⠁⠅⠕⢅⠕⢕⠕⢕⠕⢕⠕⢅⠕⢅⠅⠅⠅⠅⠅⠅⠅⠅⠅⠅⠕⢅⠕⢅⠕⢕⠕⢕⢕⢕⢕⢕⢕⢕⠕⢅⠕⠅⠁⠅⠁⠀⠀⠀⠁⠀⠁⠀⠁⠀⠁⠀⠁⠀⠁⠅⠕⠅⠁⠄⠁⠅⠕⢅⠕⢕⠝⢽⢝⢽⢝⢽⢝⢽⢝⢽
⠅⠅⠕⢅⠕⢕⠕⢅⠕⢕⠕⢅⠕⠅⠅⢅⠕⠅⠅⠅⠁⠅⠅⠅⠕⢅⠕⢅⠕⢅⠕⢕⠕⢕⢕⢕⠕⢕⠕⠅⠅⠅⠁⠅⠁⠀⠀⠀⠁⠀⠁⠀⠁⠀⠁⠀⠁⠄⠅⠅⠕⠅⠁⠄⠁⠅⠕⠅⠕⠅⠕⢕⢝⢕⠝⢕⠕⢕⢝⢵
⠅⠅⠕⢅⠕⢕⠕⢅⠕⢕⠕⢕⠕⠅⠕⢅⠕⠅⠁⠅⠁⠅⠅⠅⠕⢅⠕⢅⠕⢅⠕⢅⠕⢕⠕⢕⢕⢕⠕⠅⠅⠅⠁⠅⠁⠀⠀⠀⠁⠄⠁⠀⠁⠀⠁⠀⠀⠄⠕⠅⠕⠅⠁⠄⠁⠅⠕⢅⠕⠅⠕⢅⠕⢕⠕⠅⠕⢕⢕⢕
⠅⠅⠕⢅⠕⢕⠕⢅⠕⢕⠕⠅⠕⠅⠕⢅⠕⠅⠁⠅⠁⠅⠕⠅⠕⠅⠕⠅⠕⢅⠕⠅⠕⠅⠕⢕⢕⢕⠕⠅⠅⠅⠁⠅⠁⠄⠀⠀⠁⠄⠁⠀⠁⠀⠁⠀⠀⠄⠕⠅⠕⠅⠁⠄⠁⠅⠕⢕⠕⢅⠕⠅⠕⠅⠕⢅⢕⢕⢝⢵
⠅⠅⠕⢅⠕⢕⠕⢅⠕⠅⠕⠅⠕⢅⠕⠅⠅⠅⠁⠅⠁⠅⠕⠅⠕⠅⠕⠅⠕⠅⠕⠅⠕⠅⠕⢅⠕⢕⠕⠅⠅⠅⠅⠅⠁⠄⠀⠀⠁⠄⠁⠄⠁⠀⠁⠀⠀⠄⠕⠅⠕⠅⠁⠄⠁⠅⠕⢕⠕⢕⠕⠅⠕⠅⠕⢕⢝⢵⢝⢵
⠅⠅⠕⠅⠕⢅⠕⠅⠕⠅⠅⠅⠁⠅⠕⢅⠕⠅⠅⠅⠅⠅⠅⠅⠕⠅⠕⠅⠕⠅⠕⠅⠕⠅⠕⢅⠕⢕⠕⢅⠕⠅⠅⠅⠁⠄⠁⠀⠁⠀⠁⠀⠁⠀⠁⠀⠀⠀⠁⠅⠕⠅⠅⠅⠁⢅⠕⢕⠕⢕⠕⢅⠕⢅⢕⢕⢝⢵⢝⢽
⠅⠅⠅⠅⠕⠅⠕⠅⠁⠅⠁⠀⠁⠅⠕⢅⠕⠅⠅⢅⠕⢅⠕⢅⠕⢅⠕⠅⠕⠅⠕⠅⠕⠅⠕⠅⠕⢕⠕⢅⠕⠅⠅⠅⠁⠄⠁⠀⠁⠀⠁⠀⠁⠀⠁⠀⠁⠀⠁⠅⠕⠅⠅⠅⠁⢅⢕⢕⢕⢕⠕⢕⢕⢕⢕⢕⢝⢽⢽⢽
⠅⠅⠁⠅⠅⠅⠁⠅⠁⠀⠀⠀⠀⠅⠕⢅⠕⢅⠕⢕⢕⢕⢕⢕⠕⢕⠕⢅⠕⠅⠕⠅⠕⠅⠕⠅⠕⢅⠕⢅⠕⠅⠅⠅⠁⠄⠁⠀⠁⠀⠁⠀⠁⠀⠁⠀⠁⠀⠁⠅⠕⢅⠅⠅⠕⢕⢕⢕⢝⢕⢕⢕⢕⢕⢝⢵⢝⢽⢝⢽
⠁⠅⠁⠅⠁⠅⠁⠀⠀⠀⠁⠄⠅⠅⠕⢅⠕⢅⢕⢕⢝⢵⢝⢕⠕⢕⠕⢕⠕⠅⠕⢅⠕⠅⠕⠅⠕⢅⠕⢅⠕⠅⠅⠅⠁⠄⠁⠄⠁⠀⠁⠀⠁⠀⠁⠀⠁⠀⠁⠅⠕⢅⠕⢅⢕⢵⢝⢵⢝⢵⢕⢕⢝⢵⢝⢵⢝⢕⢝⢕
⠁⠄⠁⠄⠁⠅⠁⠀⠀⠀⠁⠅⠕⢅⠕⠅⠕⢕⢕⢵⢝⢽⢝⢕⠕⢅⠕⢕⠕⢅⠕⢅⠕⢅⠕⠅⠕⢅⠕⢕⠕⠅⠅⠅⠁⠄⠁⠄⠁⠄⠁⠄⠁⠄⠁⠀⠀⠀⠁⠅⠕⢕⠕⢕⢝⢽⢽⢽⢝⢵⢝⢵⢝⢵⢝⢕⢝⢕⢝⢕
·braille·(2x4,·monochrome)··160x88·dots··seed·5··WASD/arrows·pan·······10.0·fps·
