---
source: examples/tests/snapshots.rs
assertion_line: 91
expression: view
---
·03·Dual·grid··Corner-sampled·dual·grid·vs.·naive·per-cell:·smooth·coasts·from··
~NAIVE·(per-cell)~~~~~~~~~~~~~~~~~~~~~~~│·DUAL·GRID·(quadrant·glyphs)···········
~~~~######~~~~~~~#####~~~~~~~~~~~~#####~│···▗▄▄▄▄▄▖······▗▄▄▄▄▖···········▗▄▄▄▄▖
~~~#####################################│··▗▟█████▙▄▄▄▄▄▄▟████▙▄▄▄▄▄▄▄▄▄▄▄▟████▙
~~~#####################################│··▐████████████████████████████████████
~~######################################│·▗▟████████████████████████████████████
########################################│▄▟█████████████████████████████████████
########################################│███████████████████████████████████████
########################################│███████████████████████████████████████
########################################│███████████████████████████████████████
########################################│███████████████████████████████████████
########################################│███████████████████████████████████████
########################################│███████████████████████████████████████
########################################│███████████████████████████████████████
########################################│███████████████████████████████████████
########################################│███████████████████████████████████████
########################################│███████████████████████████████████████
########################################│███████████████████████████████████████
########################################│███████████████████████████████████████
########################################│███████████████████████████████████████
########################################│███████████████████████████████████████
########################################│███████████████████████████████████████
########################################│███████████████████████████████████████
·sea·level·0.425··tide·running··grid·off··seed·3··WASD/arrows·pan······10.0·fps·
