---
source: examples/tests/snapshots.rs
expression: view
---
·40·Shard·Realm··Eador's·province·map,·built·around·one·ornate·hero·panel:·stat·
┌·Province·Map·────────────────────────┐╔♦═·Hero·═════════════════════════════♦╗
│·····≈························......♣.│║···············.-===-.················║
│······························.♣..♣♣♣♣│║········.-.···/··^^^··\··.-.··········║
│·····························♣...♣♣.♣.│║·······/·o·\·|··o···o··|/·o·\·········║
│····················≈········.♣.♣♣♣...│║·······|·^·|·|····^····||·^·|·········║
│·····························.......♣♣│║·······\···/·|···===···|\···/·········║
│······≈·············▲·······.♣♣♣♣♣.♣♣.│║········'-'···\···-···/··'-'··········║
│≈·········☺≈········█··┌─┐··.♣......♣.│║···············'-___-'················║
│·······················│$│≈·...♣♣♣..♣.│║··············/#######\···············║
│··········▲············└─┘·♣♣♣..♣.♣...│║·············|##··|··##|··············║
│··········█·············≈··..♣♣....♣♣♣│║·······┌──────────────────────┐·······║
│···························..♣....▲..♣│║········HP·42/60·█████████············║
│·········≈················.....♣♣♣█..♣│║·······└──────────────────────┘·······║
│·······≈··················♣♣...♣♣.♣..♣│║·········╞═·Kessa·Vondrak·═╡··········║
│··························♣.♣.♣♣.....♣│║···········╞═·Commander·═╡············║
│··············∩··········.♣.♣♣.♣....♣♣│║───────────────────♦──────────────────║
│···················∩···∩∩♣...♣♣.♣.♣...│║Action:·move/attack/explore/return····║
└──────────────────────────────────────┘╚♦════════════════════════════════════♦╝
················································································
················································································
·Gold·240···Gems·12···Turn·········Kingshome·················Return···EndTurn···
················································································
·turn·1··Kessa·Vondrak·the·Commander··hp·42/60·························10.0·fps·
