---
source: examples/tests/snapshots.rs
expression: view
---
·21·Deck·Plan··A·starship·deck·as·a·labelled·blueprint,·with·a·typed·command·li·
╔·Deck·4·--·Plan·View·═════════════════════════════════════════════════════════╗
║·ABCDEFGHIJKLMNOPQRSTUVWXYZABCDEFGHIJKLMNOPQRSTUVWXYZABCDEFGHIJKLMNOPQRSTUVWX·║
║a·········.····.······································.······················a║
║b··╶───╴··╶──────╴··╶──────╴··╶────╴·.╶─────╴········.·············.·····.···b║
║c·╷···$·┌┐······x·┌┐·····x··┌┐······┌┐xx·····╷·······························c║
║d·│·····├┤····x···├┤x·······├┤······++$······│·······················.·······d║
║e·│·····├┤········├┤········├┤······├┤·······│·······························e║
║f·│···x·++········++········++······├┤···2···│.······························f║
║·ABCDEFGHIJKLMNOPQRSTUVWXYZABCDEFGHIJKLMNOPQRSTUVWXYZABCDEFGHIJKLMNOPQRSTUVWX·║
╚══════════════════════════════════════════════════════════════════════════════╝
┌·Mission·─────────────────────────────────────────────────────────────────────┐
│Secure·Cargo·Hold·and·hold·position.··········································│
│··············································································│
└──────────────────────────────────────────────────────────────────────────────┘
┌·Crew·─────────────────────────────────────────────────────────────────────·5·┐
│E█████████████████████████████········███████████████████████████████████·····│
│M██████████████████████████···········██████████████████████████████████▌·····│
│+3·more·······································································│
└──────────────────────────────────────────────────────────────────────────────┘
┌·Command·─────────────────────────────────────────────────────────────────────┐
│>·············································································│
└──────────────────────────────────────────────────────────────────────────────┘
·seed·14··focus:·map··crew·5··Tab·switch·focus·························10.0·fps·
