---
source: examples/tests/snapshots.rs
assertion_line: 92
expression: view
---
·04·Autotile·gallery··Four·autotiling·schemes·on·the·same·coastline,·compared·s·
4-BIT·CARDINAL·(16·cases)···············8-BIT·BLOB·(47·cases)···················
·······················┌┬┼┼┼┼┼┼┼┼┼┼┼┼┼┼┼·······················▓█•██████████████
·····················┌┬┼┼┼┼┼┼┼┼┼┼┼┼┼┼┼┼┼·····················▓█•████████████████
·····················├┼┼┼┼┼┼┼┼┼┼┼┼┼┼┼┼┼┼·····················▓██████████████████
·····················├┼┼┼┼┼┼┼┼┼┼┼┼┼┼┼┼┼┼·····················▓██████████████████
·····················├┼┼┼┼┼┼┼┼┼┼┼┼┼┼┼┼┼┼·····················▓██████████████████
·····················├┼┼┼┼┼┼┼┼┼┼┼┼┼┼┼┼┼┼·····················▓██████████████████
·····················├┼┼┼┼┼┼┼┼┼┼┼┼┼┼┼┼┼┼·····················▓██████████████████
·····················├┼┼┼┼┼┼┼┼┼┼┼┼┼┼┼┼┼┼·····················▓██████████████████
·····················├┼┼┼┼┼┼┼┼┼┼┼┼┼┼┼┼┼┼·····················▓██████████████████
····················┌┼┼┼┼┼┼┼┼┼┼┼┼┼┼┼┼┼┼┼····················▓•██████████████████
DUAL·GRID·(16·corner·cases)·············MARCHING·SQUARES·(contour)··············
·······················▗▄▟██████████████·······················\─\··············
·····················▗▄▟████████████████·····················\─\················
·····················▐██████████████████·····················│··················
·····················▐██████████████████·····················│··················
·····················▐██████████████████·····················│··················
·····················▐██████████████████·····················│··················
·····················▐██████████████████·····················│··················
·····················▐██████████████████·····················│··················
·····················▐██████████████████·····················│··················
····················▗▟██████████████████····················\\··················
·cell·(11,45):·4-bit=0b0000··blob=#0··dual=0b0000··march=0··drift·on···10.0·fps·
