---
source: examples/tests/snapshots.rs
expression: view
---
·44·Dusk·Field··Wesnoth·sidebar:·minimap,·terrain·defence·percent,·day/night·sw·
··················································┌·Map·───────────────────────┐
·······-·······D·······♣·······♣·······∩·······▲··│··•·························│
··············███·································│•·•·························│
··················································│····························│
··················································│····x·······················│
·[·K·]·····-·······E·······♣·······∩·······∩······│······x·····················│
··███·············███·····························│·····x······················│
··················································└────────────────────────────┘
··················································┌────────────────────────────┐
·······○·······-·······≈·······∩·······▲·······▲··│60g··+2/turn··0/2·villages··│
··················································└────────────────────────────┘
··················································┌·Hex·───────────────────·B1·┐
··················································│Grassland···················│
···▲·······▲·······∩·······≈·······V·······○······│Move·cost:·1················│
··································███·············│Defence:·--·(select·a·unit)·│
··················································└────────────────────────────┘
··················································┌·Time·──────────────────────┐
·······∩·······∩·······♣·······-·······♣·······G··└────────────────────────────┘
··············································███·······························
················································································
························································End·Turn·(Player)·······
···▲·······♣·······♣·······.·······-·······K····································
·Player's·turn··Dawn·(Dim)··6·units··arrows·move·cursor················10.0·fps·
