---
source: examples/tests/snapshots.rs
expression: view
---
·68·Mage·Thrones··Lords·of·Magic's·nested·party·roster:·unit·windows·that·decid·
╔·Party·Roster·════════════════════·Fire·party·╗╔·Formation·P··on·battle·start·╗
║┌·Window·1·─────────────────────────────·3/3·┐║║W1········W2········W3········║
║│Iolanthe·the·Mage···························│║║·····☼·········☼·········☼····║
║│··Salamanders·3/3························││·│║║···♠·♠·♠·······♠········♠·♠···║
║│··Fire·Drakes·2/3·······················│││·│║║·Iolanthe··Baldric····Sable···║
║│··Pyromancers·3/3·························│·│║║······························║
║└────────────────────────────────────────────┘║║······························║
║┌·Window·2·─────────────────────────────·1/3·┐║║······························║
║│Baldric·the·Warrior·························│║║······························║
║│··Phalanx·3/3·····························│·│║║······························║
║│··--·empty·slot·--··························│║║······························║
║│··--·empty·slot·--··························│║║······························║
║└────────────────────────────────────────────┘║║······························║
║┌·Window·3·─────────────────────────────·2/3·┐║║······························║
║│Sable·the·Thief·····························│║║······························║
║│··Footpads·3/3······························│║║······························║
║│··Sappers·2/3····························││·│║║······························║
║│··--·empty·slot·--··························│║║······························║
║└────────────────────────────────────────────┘║║······························║
║··············································║║······························║
║··············································║║······························║
╚══════════════════════════════════════════════╝╚══════════════════════════════╝
·Fire·party··3/3·windows·open··16/18·strength··select·a·unit,·then·a···10.0·fps·
