---
source: examples/tests/snapshots.rs
expression: view
---
·23·Isometric·tactics··Depth-sorted·walls·with·height,·occlusion·fade,·and·a·ma·
················································································
················································································
················································································
················································································
················································································
················································································
······························█████·············································
················································································
················································································
································@·······^·······································
··············································█████·····························
················································································
················································································
················································@·······························
················································································
················································································
················································································
················································································
················································································
················································································
················································································
················································································
·cursor·(4,·11)··ability·Strike··under·cursor:·--······················10.0·fps·
