---
source: examples/tests/snapshots.rs
expression: view
---
·62·Quartered·Arms··Procedural·heraldry·as·a·glyph·mosaic,·reroll-guaranteed·di·
NATIONS·(9)···································┌·The·Gilded·Coast·──────────────┐
┌·······┐┌·······┐┌·······┐┌·······┐┌·······┐·│Per·fess·sable·and·argent,·a····│
···▌·▌····▖··▌··▘··············▌········▌·····│cross·throughout·or·············│
···▌·▌·····▖▛▝▖▘····▛▀▀▀▖·····▛▘▖······▛▘▖····│································│
·▀▀▘·▝▀▀···▛···▖····▌▛▀▖▌····▛···▖····▛···▖···│Aesthetic·shape:·Cross··········│
··········▀▘···▛▀···▌▌·▌▌····▌···▌···▀▘···▛▀··│································│
·▀▀▖·▛▀▀···▝···▘····▌▝▀▘▌····▝···▘····▝···▘···│Tinctures:·█sable·█argent·█or···│
···▌·▌·····▛▝▖▘▝····▝▀▀▀▘·····▝▖▘······▝▛▘····│································│
···▌·▌····▛··▌··▝··············▌········▌·····│ARTEFACTS·--·same·palette,·same·│
└·······┘└·······┘└·······┘└·······┘└·······┘·│··+······▌·▌····················│
The·Gild·The·Weav·The·Rive·The·Wand·The·Sund··│·········▌·▌····················│
┌·······┐┌·······┐┌·······┐┌·······┐··········│·········▌·▌····················│
····▌········▌·······▌·▌····▖··▌··▘···········│·······▀▀▘·▝▀▀·····+············│
····▘········▘·······▌·▌·····▖·▝·▘············│································│
···▘·▝······▘·▝····▀▀▘·▝▀▀····▘·▝·············│·······▀▀▖·▛▀▀··················│
··▌···▌···▀▘···▛▀···········▀▘···▛▀···········│·········▌▀▌····················│
···▖·▛······▖·▛····▀▀▖·▛▀▀····▖·▛·············│·········▘·▝····═══════·········│
····▖········▛·······▌·▌·····▛·▖·▝············│········▘···▝···················│
····▌········▌·······▌·▌····▛··▌··▝···········│································│
└·······┘└·······┘└·······┘└·······┘··········│································│
The·Cora·The·Thor·The·Sunk·The·Ashe···········│································│
··············································└────────────────────────────────┘
·seed·11··nations·9··selected:·The·Gilded·Coast························10.0·fps·
