---
source: examples/tests/snapshots.rs
expression: view
---
·27·Rhythm·Crypt··Beat-locked·dungeon·crawling:·act·on·the·beat·for·combo,·miss·
¬·Shovel········································································
/·Blade················████████████████████████████████████████████████████████·
!·Torch················═════════════════!════════════════════!═════════════════·
█♥█·█♥█·█♥█············█████████│██████│██████│██████│██████│██████│███████████·
··············$·0··♦·0·═══════████│██████│██████│██████│██████│██████│██═══════·
·······················█████████│██████│██████│██████│██████│_█████│███████████·
·······················═══════████│██████│██████│██████│████(_)██████│██═══════·
·······················█████████│██████│☺█████│██████│██████│██████│███████████·
·······················═══════████│████/█\██████│██████│██████│██████│██═══════·
·······················█████████│██████│██████│██████│██████│^█████│███████████·
·······················═══════████│██████│██████│██████│████/|\██████│██═══════·
·······················████████████████████████████████████████████████████████·
·······················═════════════════!════════════════════!═════════════════·
················································································
················································································
······················┌·Beat·──────────────────────────────────────────────────┐
······················│───────────────────────────────────────█────────────────│
······················└────────────────────────────────────────────────────────┘
······················┌·Left·──────┐·┌·Up·────────┐·┌·Down·──────┐·┌·Right·────┐
······················│············│·│············│·│············│·│···········│
······················│······←·····│·│······↑·····│·│······↓·····│·│·····→·····│
······················└────────────┘·└────────────┘·└────────────┘·└───────────┘
·hp·3/3··beat·0··coins·0···············································10.0·fps·
