---
source: examples/tests/snapshots.rs
expression: view
---
·19·Hex·Command··A·hex·drawn·as·a·multi-cell·blob·with·a·real·command·interface·
·│≈··≈≈·····≈····│/···/···/···/··│∩·······∩······│♠♠·♠···♠·♠··♠·♠│····░·░░···░··
┼│··≈≈·≈≈····≈·≈┼│··/···/···/···┼│·∩∩·∩···∩·∩···┼│♠··♠♠··♠♠♠♠··♠┼│··░····░······
≈───│≈····≈·≈┼──·───│·/···/··┼──░───│··∩···∩·┼──·───│·♠··♠···┼──·───│░······░┼──
≈···───│··┼──·≈≈···≈───│/·┼──·░·····───│··┼──░·░·░··───│··┼──≈···≈··───│░·┼──···
·≈···≈·──┼≈·≈·≈·≈·≈···≈──┼··░░░······░·──┼░······░·░·░·──┼·≈≈·≈·≈≈··≈≈≈──┼/···/·
·≈≈≈··≈≈≈│··≈·≈·······≈··│░·░░░·░░··░····│░····░░░·······│·≈≈······≈≈···≈│··/···
≈≈··≈≈···│·····≈≈·≈≈≈≈≈··│····░···░░░░···│░··░····░··░··░│····≈······≈≈≈·│/···/·
·≈·≈·≈·≈┼│·≈≈·≈≈··≈·····┼│░░·····░░·░···┼│··░·░·░·····░·┼│·≈··≈·≈·····≈·┼│··/···
≈·≈·≈┼──·───│·≈··≈·≈≈┼──·───│░······░┼──·───│░░···░·░┼──·───│≈·≈≈··≈≈┼──·───│·/·
≈≈┼──···/···───│··┼──···/···───│··┼──···/···───│··┼──···♠♠··───│··┼──···≈··≈───│
─┼/···/···/···/──┼/···/···/···/──┼/···/···/···/──┼♠····♠··♠·♠♠·──┼·≈·····≈·····─
·│··/···/···/···/│··/···/···/···[│··/···/···/··]/│♠♠♠♠♠·♠♠····♠♠·│·≈·≈≈·≈·≈····≈
·│/···/···/···/··│/···/···/···/··│/···/···/···/··│···♠♠·········♠│≈··≈··≈·≈·≈≈··
┼│··/···/···/···┼│··/···/···/···┼│··/···/···/···┼│···♠·····♠·♠·♠┼│·≈·≈≈≈··≈···≈·
·───│·/···/··┼──·───│·/···/··┼──·───│·/···/··┼──·───│·♠♠·····┼──·───│··≈·····┼──
∩··∩───│/·┼──·······───│/·┼──···/···───│/·┼──·♠♠·♠♠♠───│··┼──···/···───│≈≈┼──···
···∩···──┼··∩∩·······∩·──┼/···/···/···/──┼♠♠···♠·♠·♠♠♠♠──┼/···/···/···/──┼/···/·
···∩·····│···∩···········│··/···/···/···/│·····♠♠·······♠│··/···/···/···/│··/···
·∩···∩···│·∩·············│/···/···/···/··│·♠♠··♠···♠···♠·│/···/···/···/··│/···/·
··∩····∩┼│·∩·······∩····┼│··/···/···/···┼│·♠♠♠···♠♠····♠┼│··/···/···/···┼│··/···
···∩·┼──·───│····∩··∩┼──·───│·/···/··┼──·───│♠·······┼──·───│·/···/··┼──·───│·/·
··┼──♠♠♠♠♠·♠───│∩·┼──···/···───│/·┼──···♠···───│♠·┼──···/···───│/·┼──···/···───│
·H11··Fields··cmd:·Advance··WASD/arrows·move·selection·················10.0·fps·
