---
source: examples/tests/snapshots.rs
assertion_line: 93
expression: view
---
·05·Isometric·diamond··2:1·dimetric·projection·with·painter's-algorithm·depth·s·
················································································
················································································
················································································
················································································
················································································
················································································
················································································
♣···············································································
····♣···········································································
♣···············································································
············································"·······"···························
♣·······································★·······"·······♠·······♠·······"·······
····§·······························♣······⚑"·······"·······♠·······"·······"···
§·······································♣·······"·······♠·······"·······"·······
····································♣·······"·······♠·······♠·······"·······"···
································♣·······♣·······"·······♠·······♠·······"·······
····························♣·······♣·······♣·······"·······"·······"·······"···
························♣·······♣·······♣·······"·······"·······"·······"·······
····························♣·······♣·······"·······"·······"·······"·······"···
§·······················♣·······♣·······♣·······"·······"·······"·······"·······
····················§·······♣·······♣·······"·······"·······"·······"·······"···
········§·······§·······♣·······♣·······"·······"◆······♠·······♠·······"·······
·tile·(48,·11)··grassland··zoom·8x2··seed·11··WASD/arrows·pan··········10.0·fps·
