---
source: examples/tests/snapshots.rs
assertion_line: 178
expression: view
---
·Twin·Planes··Master·of·Magic:·one·map·coordinate·existing·in·two·overlaid·worl·
················································································
················································································
····Game·······Spells······Armies·····Cities······Magic······Info····Plane:·Arc·
················································································
....,"",+",~~..*♠♠♠♠♠,*...",....."..,♠♠♠♠♠♠♠♠♠♠♠♠♠♠♠♠♠♠♠┌·Map·─────────────────┐
..,",,,,,".~~~.,"♠♠,,,,,,."..~~......♠♠♠♠♠♠♠♠♠♠♠♠♠♠♠♠♠♠+│∩∩∩♠,,",∩♠♠♠.♠♠∩∩,,♠♠∩│
,,*""",",,.~~~,,"♠♠♠►."",,,.~~~~...~..♠♠♠♠♠♠♠♠♠♠♠♠♠♠♠♠♠♠│∩∩∩∩♠","♠♠♠.♠.♠♠,",.♠∩│
,"",,,,,,,.~~~.",,"|,..,,"..~~.~...~~~~."♠♠♠♠♠♠♠♠♠♠+♠♠♠♠│∩▲,∩∩∩,♠.♠",,,"♠"~,"♠♠│
"+",♠,,,",".~~.,.....,.....~~...~~~.~~~.""♠♠♠♠.♠♠♠♠♠♠♠♠♠│∩∩,♠∩♠,♠,..•••••••••••│
,,"♠♠♠♠.♠,,.~...~~~.~.~~.....,..~~~..~~.",♠♠.~.~...♠♠♠♠♠│,,",,∩∩∩♠♠,•♠,~...~~~"│
,♠♠♠♠♠..♠,...~~~~~~~~~~~~Ω~~...~~~~~~~~~""♠..~~~~~..♠♠♠♠│""",∩∩∩∩∩∩♠•••••••••••│
♠♠♠♠......~~~~~~~~~~~~~~~~~~~~~~~~~~~~~~."♠..~~~~~~..♠♠♠└──────────────────────┘
♠♠♠♠..~~.~~~~~~~~~~~~~~~~~~~~~~~~~~~~~~~",♠..~~~~~~.♠♠.♠┌·Turn·────────────────┐
♠♠♠.♠♠+♠....~~~~~~~~~~~~~~~~~~~~~~~~~~~~.,".~~~~~~~.....│Turn·1················│
♠♠♠.♠♠♠♠♠♠♠►..~~~~~~~~~~~~~~~~~~......~.~..~.~~~~......~└──────────────────────┘
♠♠♠.♠♠♠♠♠♠|♠♠♠.~..~~~~~..~~."",.",,+,,..~~~~.~~~.♠♠.....┌·Treasury·────────────┐
♠♠..♠♠♠♠♠♠♠♠♠♠♠♠..Ω~~..,,..*,,"",,,,,"".~~~.~~~~~~......│Gold··████████████▌···│
♠....♠*♠.♠.♠.♠♠♠♠"...""♠♠♠♠,,,,♠,,,,,",,.~....~~~~..♠♠♠,└──────────────────────┘
················································································
················································································
········Done···············Patrol···············Wait················Build·······
················································································
·Welcome·to·Arcanus.·Tap·Plane·to·cross·to·Myrror.··WASD/arrows·pan····10.0·fps·
