---
source: examples/tests/snapshots.rs
expression: view
---
·26·Hexcrawl··A·hand-drawn·referee·map:·terrain·ignores·the·hex·grid·inked·over·
············▒▒░░░░░······|·|▲·······▲|·|··^······|·|·········|·|·░▒·············
·········▒▒▒▒░░░░········∙∙∙·········∙∙∙·········∙∙∙·····┌·Legend·────────────┐·
········▒▒░░░░░\\·\\·//·//·\\·\\·//·//·\\·\\·//·//·\\·\\·│∙·hex·vertex········│·
·······▒░░░░░······∙∙∙·········∙∙∙·········∙∙∙······^··∙∙│♣·forest············│·
······▒▒░░░░·······|·|^···^····|·|····^····|·|·········|·│.·road··············│·
······▒░░∙·········∙∙∙·········∙∙∙··^······∙∙∙·········∙∙│☺·party·············│·
······▒░░\\·\\·//·//·\\·\\^//·//·\\·\\·//·//^\\·\\·//·//·└────────────────────┘·
·····▒░░·····∙∙∙········^∙∙∙·········∙∙∙········♠∙∙∙·········∙∙∙······░░░░▒▒····
·····▒░░░,···|·|·······^·|·|·········|·|·········|·|·········|·|·········░▒▒····
·····▒░░·····∙∙∙·········∙∙∙·········∙∙∙··♠······∙∙∙·········∙∙∙·········░░▒▒▒··
·····▒░░·//·//·\\·\\·//·//·\\·\\·//^//·\\·\\·//·//·\\·\\·//·//·\\·\\·//·░░░░░▒··
····▒▒░░∙∙·········∙∙∙····^····∙∙∙········♣∙∙∙·········∙∙∙·········∙∙∙░░░░░░░▒··
····▒▒░░░|·········|·|·········|·|·^·····♣·|^|····♣····|·|·········|·|·░░░░░░▒··
···▒▒▒▒░░∙·········∙∙∙·········∙∙∙····^····∙∙∙·········∙∙∙·········∙∙∙·░░░░░░▒··
···▒▒▒▒░░░\·\\·//·//·\\·\\·//·//·\\^\\·//·//·\\·\\♠//·//·\\·\\·//·//·\\░░░▒▒▒···
······▒░░····∙∙∙·········∙∙∙··^······∙∙∙·········∙∙∙······^··∙∙∙·······░░░▒▒····
······▒▒░░···|·|·········|^|·········|·|·········|·|·········|·|·····^·░░▒▒·····
········▒░░··∙∙∙·········∙∙∙·········∙∙∙········^∙∙∙·········∙∙∙·······░░▒▒·····
········▒▒░░//·\\·\\·//·//·\\·\\·//·//·\\·\\·//·//·\\·\\·//·//·\\·\\·/░░▒▒······
·········▒░░░······∙∙∙·······^·∙∙∙·········∙∙∙····^☺···∙∙∙·········∙∙∙░░▒·······
··········▒░░░·····|·|·········|·|·········|^|·····^···|·|^········|░░░▒········
···········▒▒░░░░··∙∙∙·········∙∙∙·········∙∙∙·········∙∙∙····^····∙░░▒▒········
·hex·12x4··seed·26··0·visited··WASD/arrows·pan··+/-·hex·size···········10.0·fps·
