---
source: examples/tests/snapshots.rs
expression: view
---
·36·Court·of·Reigns··A·medieval·court·answered·by·swipe:·preview·the·cost,·then·
·┌─·GENERAL·──────────────────────────────────────────────────────────────────┐·
·│▲··········································································▲│·
·│|···············General·Rurik··············································|│·
·│_···············--------------------------------------------···············_│·
·│················Send·the·knights·on·a·raid·across·the·border················│·
·│················while·the·enemy·lord·is·weak.·······························│·
·│············································································│·
·└────────────────────────────────────────────────────────────────────────────┘·
·PILLARS·OF·POWER·······························································
Church··········································································
█████████████████████████████████████▌··········································
Army············································································
█████████████████████████████████████▌··········································
People··········································································
█████████████████████████████████████▌··········································
Coin············································································
█████████████████████████████████████▌··········································
················································································
·┌────────────────────────────────────┐··┌────────────────────────────────────┐·
·│···············REFUSE···············│··│···············ACCEPT···············│·
·│····································│··│····································│·
·└────────────────────────────────────┘··└────────────────────────────────────┘·
·Monarch·1··-··Year·1201···············································10.0·fps·
