---
source: examples/tests/snapshots.rs
expression: view
---
·38·Hex·General··Fantasy·General:·framed·hex·map·with·a·projected-losses·attack·
╔══════════════════════════════════════════════════════════════════════════════╗
║·Gold:·340····················Greywater·Marches························Hex·B2·║
║══════════════════════════════════════════════════════════════════════════════║
║│·········╬══·····════╬══·░·░·════╬══·····════╬══♠♠♠♠·════╬══·♠·♠·════╬══·∩│··║
║│♠F···················║··░·/░·····║···········║♠·♠♠♠··♠♠··║··♠·♠··♠··♠║∩···│♠F║
║│·····················║·░·░A·░·░··║···········║♠♠♠·····♠♠·║···♠·♠♠··♠·║···∩│··║
║│nH···················║···12·░░··░║···········║·♠··♠♠♠♠♠♠·║♠·♠♠·······║····│nH║
║│··╔·ATTACKER·═══════════════╗╔·Forecast·══════╗╔·DEFENDER·═══════════════╗│··║
║│▲M║1st·Elven·Archers········║║Tap·an·enemy·in·║║No·unit·selected.········║│▲M║
║│··║Player·Archers···········║║················║║·························║│··║
║│··║Strength·█████████···12/15║················║║·························║│··║
║│··║Exp·■■○○○················║║················║║·························║│··║
║│··║Morale·Steady············║║················║║·························║│··║
║│··║·························║║················║║·························║│··║
║│··║·························║║················║║·························║│··║
║│··║·························║║················║║·························║│··║
║│··╚═════════════════════════╝╚════════════════╝╚═════════════════════════╝│··║
║│··········································································│··║
║│··········································································│··║
║│············Rest···················Cancel···················Next··········│··║
║│··········································································│··║
╚══════════════════════════════════════════════════════════════════════════════╝
·B2··selected:·1st·Elven·Archers··tap·unit·select······················10.0·fps·
