---
source: examples/tests/snapshots.rs
assertion_line: 190
expression: view
---
·Walled·Dawn··Kingdom:·a·side-on·world·scrolled·one·axis,·where·night·arrives·o·
·☼·DAY··9s··night·0·····························coins·20··idle·0··archers·L2/R2·
█████···············░░░░░░░░░░███████████████████♠♠██████████████████████████♠█♠
███████···················██████████████████♠♠████████♠♠████████████████♠███████
████████████░░░♠███♠♠··████████████████♠█♠♠♠████████████♠████████████♠██████████
████████████♠█████████♠☺☺█████████♠♠♠██████████████████☺☺♠█████████♠♠███████████
████♠██♠██♠█████████████·█████♠♠♠███████o███████████████·█♠██████♠██████████████
█♠█████████████████████████████████████/M┐██████████████████♠█♠█♠███████████████
♠██████████████████████████████████████▄▄▄██████████████████████████████████████
████████████████████████████████████████████████████████████████████████████████
████████████████████████████████████████████████████████████████████████████████
················································································
················································································
················································································
················································································
················································································
················································································
,···'··,······''····,''····,,·',·····''·,·,······'····,,,········,','·,,''·,····
,,'''·',',·,,···'·,···',,'',·,'···',·''·,',,''·,·'···,··,'··,'',,·',···,,··'··',
──────────────────────────·──────────────────────────·──────────────────────────
················································································
·Wall·L>2·(36c)·············Recruit·+1·(12c)···········Wall·R>2·(36c)···········
──────────────────────────·──────────────────────────·──────────────────────────
·night·0··day··9s··coins·20··idle·0··archers·L2/R2··Left/A·ride·left···10.0·fps·
