---
source: examples/tests/snapshots.rs
assertion_line: 177
expression: view
---
·Hollow·Talk··Zorbus:·in-world·speech·balloons·with·pointer·tails·over·a·tile·d·
┌·Adventurer·────┐╔·The·Hollow·══════════════════════════════╗┌·Items·─────────┐
│☺░░·············│║··········································║│F1·Lantern······│
│HP·██████████▌··│║··········································║│F2·Potion·······│
│SP·███████······│║········░░░░────────────────────░░░░······║│················│
│················│║········░░╶░────────────────────░░╴░······║│················│
│Weapon:·Staff···│║····░░░░............................░░░░··║│················│
│················│║····░░╷░......................,.....░░╷░··║│················│
│················│║····││││.........................,.,││││··║│················│
│················│║····││││...,,.......,...........,...││││··║│················│
│················│║····││││,...,........☺...........,..││││··║│················│
│················│║····││││............/█\...........,.││││··║│················│
│················│║····││││.,..................,.,.....││││··║│················│
│················│║····││││.............,..,..,.,.,....││││··║│················│
│················│║····░░░░.,,,.......,...,.....,......░░░░··║│················│
│················│║····░░╵░.,..........................░░╵░··║│················│
│················│║········░░░░────────────────────░░░░······║│················│
│················│║········░░╶░────────────────────░░╴░······║│················│
└────────────────┘╚══════════════════════════════════════════╝└────────────────┘
┌───────────┐┌───────────┐┌───────────┐┌───────────┐┌───────────┐┌───────────┐··
│···········││···········││···········││···········││···········││···········│··
│·····←·····││·····↑·····││·····↓·····││·····→·····││····New····││··Talk:On··│··
└───────────┘└───────────┘└───────────┘└───────────┘└───────────┘└───────────┘··
·seed·47··talking·5··balloons·0··WASD/arrows·move··R·new·dungeon·······10.0·fps·
