---
source: examples/tests/snapshots.rs
expression: view
---
·46·Party·Pause··Baldur's·Gate·II·real-time-with-pause:·portrait·column·and·act·
················································································
················································································
·····M···········J···········I···········R··········S··········Z··········O·····
················································································
╔·Twilight·Reach·══════════════════════════════════════════════════════════════╗
║··············································································║
║············g····················································g········,,··║
║,,,.······································································,,··║
║····················..···..·····..···········1································║
║·····································4···2··.····3···5························║
║,,,··········································6································║
║································.....,,·g··················..·················║
╚══════════════════════════════════════════════════════════════════════════════╝
·NEERA:·Ready·for·anything.·····················································
····40/40·········33/40·········22/40········38/40········15/40········28/40····
··/··X-o··\·····(·o···o·)·····/··.·.··\····|··o·o··|····(··--·-·)····/···Y···\··
···Garrick·······Aelathe········Neera·······Bronwyn·······Silas········Tavos····
················································································
╔═══════╗·······································································
║·······║······F3·············F4············F5············F6···········F12······
║··RUN··║·····Weap1·········Weap2·········Weap3·········Weap4········Special····
╚═══════╝·······································································
·running··selected:·Garrick·(Fighter)··hostiles:·3·····················10.0·fps·
